Component: ARM Compiler 6.14 Tool: armlink [5db06800]

==============================================================================

Section Cross References

    main.o(.text.HCSR04_Complete_Callback) refers to main.o(.bss.distance) for distance
    main.o(.ARM.exidx.text.HCSR04_Complete_Callback) refers to main.o(.text.HCSR04_Complete_Callback) for [Anonymous Symbol]
    main.o(.text.TIM_IRQ_Callback) refers to main.o(.bss.n) for n
    main.o(.text.TIM_IRQ_Callback) refers to gpio_driver.o(.text.GPIO_Toggle_Pin) for GPIO_Toggle_Pin
    main.o(.ARM.exidx.text.TIM_IRQ_Callback) refers to main.o(.text.TIM_IRQ_Callback) for [Anonymous Symbol]
    main.o(.text.main) refers to sysclock.o(.text.SysClockConfig) for SysClockConfig
    main.o(.text.main) refers to hcsr04.o(.text.HCSR04_Init) for HCSR04_Init
    main.o(.text.main) refers to gpio_driver.o(.text.GPIO_Config) for GPIO_Config
    main.o(.text.main) refers to timer_driver.o(.text.TIM_IT_Config) for TIM_IT_Config
    main.o(.text.main) refers to main.o(.bss.motor01) for motor01
    main.o(.text.main) refers to motor.o(.text.motor_Init) for motor_Init
    main.o(.text.main) refers to timer_driver.o(.text.TIM_PWM_Config) for TIM_PWM_Config
    main.o(.text.main) refers to motor.o(.text.motor_Control) for motor_Control
    main.o(.text.main) refers to hcsr04.o(.text.HCSR04_Handler) for HCSR04_Handler
    main.o(.text.main) refers to sysclock.o(.text.Get_Tick) for Get_Tick
    main.o(.text.main) refers to hcsr04.o(.text.HCSR04_Start) for HCSR04_Start
    main.o(.ARM.exidx.text.main) refers to main.o(.text.main) for [Anonymous Symbol]
    hcsr04.o(.text.EXTI0_Config) refers to hcsr04.o(.text.__NVIC_SetPriority) for __NVIC_SetPriority
    hcsr04.o(.text.EXTI0_Config) refers to hcsr04.o(.text.__NVIC_EnableIRQ) for __NVIC_EnableIRQ
    hcsr04.o(.ARM.exidx.text.EXTI0_Config) refers to hcsr04.o(.text.EXTI0_Config) for [Anonymous Symbol]
    hcsr04.o(.ARM.exidx.text.__NVIC_SetPriority) refers to hcsr04.o(.text.__NVIC_SetPriority) for [Anonymous Symbol]
    hcsr04.o(.ARM.exidx.text.__NVIC_EnableIRQ) refers to hcsr04.o(.text.__NVIC_EnableIRQ) for [Anonymous Symbol]
    hcsr04.o(.ARM.exidx.text.TIM2_Delay_us) refers to hcsr04.o(.text.TIM2_Delay_us) for [Anonymous Symbol]
    hcsr04.o(.text.EXTI0_IRQHandler) refers to hcsr04.o(.bss.hc04_state) for hc04_state
    hcsr04.o(.ARM.exidx.text.EXTI0_IRQHandler) refers to hcsr04.o(.text.EXTI0_IRQHandler) for [Anonymous Symbol]
    hcsr04.o(.text.HCSR04_Start) refers to gpio_driver.o(.text.GPIO_Write_Pin) for GPIO_Write_Pin
    hcsr04.o(.text.HCSR04_Start) refers to hcsr04.o(.text.TIM2_Delay_us) for TIM2_Delay_us
    hcsr04.o(.text.HCSR04_Start) refers to hcsr04.o(.bss.hc04_state) for hc04_state
    hcsr04.o(.ARM.exidx.text.HCSR04_Start) refers to hcsr04.o(.text.HCSR04_Start) for [Anonymous Symbol]
    hcsr04.o(.text.HCSR04_Handler) refers to hcsr04.o(.bss.hc04_state) for hc04_state
    hcsr04.o(.text.HCSR04_Handler) refers to dflt_clz.o(x$fpl$dfltu) for __aeabi_ui2d
    hcsr04.o(.text.HCSR04_Handler) refers to dmul.o(x$fpl$dmul) for __aeabi_dmul
    hcsr04.o(.text.HCSR04_Handler) refers to d2f.o(x$fpl$d2f) for __aeabi_d2f
    hcsr04.o(.text.HCSR04_Handler) refers to main.o(.text.HCSR04_Complete_Callback) for HCSR04_Complete_Callback
    hcsr04.o(.ARM.exidx.text.HCSR04_Handler) refers to hcsr04.o(.text.HCSR04_Handler) for [Anonymous Symbol]
    hcsr04.o(.text.HCSR04_Init) refers to timer_driver.o(.text.TIM_Config) for TIM_Config
    hcsr04.o(.text.HCSR04_Init) refers to hcsr04.o(.text.EXTI0_Config) for EXTI0_Config
    hcsr04.o(.text.HCSR04_Init) refers to gpio_driver.o(.text.GPIO_Config) for GPIO_Config
    hcsr04.o(.ARM.exidx.text.HCSR04_Init) refers to hcsr04.o(.text.HCSR04_Init) for [Anonymous Symbol]
    sysclock.o(.text.SysClockConfig) refers to system_stm32f10x.o(.text.SystemInit) for SystemInit
    sysclock.o(.text.SysClockConfig) refers to system_stm32f10x.o(.text.SystemCoreClockUpdate) for SystemCoreClockUpdate
    sysclock.o(.text.SysClockConfig) refers to system_stm32f10x.o(.data.SystemCoreClock) for SystemCoreClock
    sysclock.o(.text.SysClockConfig) refers to sysclock.o(.text.SysTick_Config) for SysTick_Config
    sysclock.o(.ARM.exidx.text.SysClockConfig) refers to sysclock.o(.text.SysClockConfig) for [Anonymous Symbol]
    sysclock.o(.text.SysTick_Config) refers to sysclock.o(.text.__NVIC_SetPriority) for __NVIC_SetPriority
    sysclock.o(.ARM.exidx.text.SysTick_Config) refers to sysclock.o(.text.SysTick_Config) for [Anonymous Symbol]
    sysclock.o(.text.SysTick_Handler) refers to sysclock.o(.bss.Tick) for Tick
    sysclock.o(.ARM.exidx.text.SysTick_Handler) refers to sysclock.o(.text.SysTick_Handler) for [Anonymous Symbol]
    sysclock.o(.text.Get_Tick) refers to sysclock.o(.bss.Tick) for Tick
    sysclock.o(.ARM.exidx.text.Get_Tick) refers to sysclock.o(.text.Get_Tick) for [Anonymous Symbol]
    sysclock.o(.text.Delay_ms) refers to sysclock.o(.text.Get_Tick) for Get_Tick
    sysclock.o(.ARM.exidx.text.Delay_ms) refers to sysclock.o(.text.Delay_ms) for [Anonymous Symbol]
    sysclock.o(.ARM.exidx.text.__NVIC_SetPriority) refers to sysclock.o(.text.__NVIC_SetPriority) for [Anonymous Symbol]
    gpio_driver.o(.ARM.exidx.text.GPIO_Config) refers to gpio_driver.o(.text.GPIO_Config) for [Anonymous Symbol]
    gpio_driver.o(.ARM.exidx.text.GPIO_Write_Pin) refers to gpio_driver.o(.text.GPIO_Write_Pin) for [Anonymous Symbol]
    gpio_driver.o(.ARM.exidx.text.GPIO_Read_Pin) refers to gpio_driver.o(.text.GPIO_Read_Pin) for [Anonymous Symbol]
    gpio_driver.o(.ARM.exidx.text.GPIO_Toggle_Pin) refers to gpio_driver.o(.text.GPIO_Toggle_Pin) for [Anonymous Symbol]
    timer_driver.o(.ARM.exidx.text.TIM_Config) refers to timer_driver.o(.text.TIM_Config) for [Anonymous Symbol]
    timer_driver.o(.text.TIM_IT_Config) refers to timer_driver.o(.text.__NVIC_SetPriority) for __NVIC_SetPriority
    timer_driver.o(.text.TIM_IT_Config) refers to timer_driver.o(.text.__NVIC_EnableIRQ) for __NVIC_EnableIRQ
    timer_driver.o(.ARM.exidx.text.TIM_IT_Config) refers to timer_driver.o(.text.TIM_IT_Config) for [Anonymous Symbol]
    timer_driver.o(.ARM.exidx.text.__NVIC_SetPriority) refers to timer_driver.o(.text.__NVIC_SetPriority) for [Anonymous Symbol]
    timer_driver.o(.ARM.exidx.text.__NVIC_EnableIRQ) refers to timer_driver.o(.text.__NVIC_EnableIRQ) for [Anonymous Symbol]
    timer_driver.o(.text.TIM1_UP_IRQHandler) refers to main.o(.text.TIM_IRQ_Callback) for TIM_IRQ_Callback
    timer_driver.o(.ARM.exidx.text.TIM1_UP_IRQHandler) refers to timer_driver.o(.text.TIM1_UP_IRQHandler) for [Anonymous Symbol]
    timer_driver.o(.text.TIM2_IRQHandler) refers to main.o(.text.TIM_IRQ_Callback) for TIM_IRQ_Callback
    timer_driver.o(.ARM.exidx.text.TIM2_IRQHandler) refers to timer_driver.o(.text.TIM2_IRQHandler) for [Anonymous Symbol]
    timer_driver.o(.text.TIM3_IRQHandler) refers to main.o(.text.TIM_IRQ_Callback) for TIM_IRQ_Callback
    timer_driver.o(.ARM.exidx.text.TIM3_IRQHandler) refers to timer_driver.o(.text.TIM3_IRQHandler) for [Anonymous Symbol]
    timer_driver.o(.text.TIM4_IRQHandler) refers to main.o(.text.TIM_IRQ_Callback) for TIM_IRQ_Callback
    timer_driver.o(.ARM.exidx.text.TIM4_IRQHandler) refers to timer_driver.o(.text.TIM4_IRQHandler) for [Anonymous Symbol]
    timer_driver.o(.ARM.exidx.text.TIM_PWM_Config) refers to timer_driver.o(.text.TIM_PWM_Config) for [Anonymous Symbol]
    timer_driver.o(.ARM.exidx.text.TIM_PWM_SetDuty) refers to timer_driver.o(.text.TIM_PWM_SetDuty) for [Anonymous Symbol]
    motor.o(.text.motor_Control) refers to gpio_driver.o(.text.GPIO_Write_Pin) for GPIO_Write_Pin
    motor.o(.text.motor_Control) refers to timer_driver.o(.text.TIM_PWM_SetDuty) for TIM_PWM_SetDuty
    motor.o(.ARM.exidx.text.motor_Control) refers to motor.o(.text.motor_Control) for [Anonymous Symbol]
    motor.o(.ARM.exidx.text.motor_Init) refers to motor.o(.text.motor_Init) for [Anonymous Symbol]
    startup_stm32f10x_md.o(STACK) refers (Special) to heapauxi.o(.text) for __use_two_region_memory
    startup_stm32f10x_md.o(HEAP) refers (Special) to heapauxi.o(.text) for __use_two_region_memory
    startup_stm32f10x_md.o(RESET) refers (Special) to heapauxi.o(.text) for __use_two_region_memory
    startup_stm32f10x_md.o(RESET) refers to startup_stm32f10x_md.o(STACK) for __initial_sp
    startup_stm32f10x_md.o(RESET) refers to startup_stm32f10x_md.o(.text) for Reset_Handler
    startup_stm32f10x_md.o(RESET) refers to sysclock.o(.text.SysTick_Handler) for SysTick_Handler
    startup_stm32f10x_md.o(RESET) refers to hcsr04.o(.text.EXTI0_IRQHandler) for EXTI0_IRQHandler
    startup_stm32f10x_md.o(RESET) refers to timer_driver.o(.text.TIM1_UP_IRQHandler) for TIM1_UP_IRQHandler
    startup_stm32f10x_md.o(RESET) refers to timer_driver.o(.text.TIM2_IRQHandler) for TIM2_IRQHandler
    startup_stm32f10x_md.o(RESET) refers to timer_driver.o(.text.TIM3_IRQHandler) for TIM3_IRQHandler
    startup_stm32f10x_md.o(RESET) refers to timer_driver.o(.text.TIM4_IRQHandler) for TIM4_IRQHandler
    startup_stm32f10x_md.o(.text) refers (Special) to heapauxi.o(.text) for __use_two_region_memory
    startup_stm32f10x_md.o(.text) refers to system_stm32f10x.o(.text.SystemInit) for SystemInit
    startup_stm32f10x_md.o(.text) refers to __main.o(!!!main) for __main
    startup_stm32f10x_md.o(.text) refers to startup_stm32f10x_md.o(HEAP) for Heap_Mem
    startup_stm32f10x_md.o(.text) refers to startup_stm32f10x_md.o(STACK) for Stack_Mem
    system_stm32f10x.o(.text.SystemInit) refers to system_stm32f10x.o(.text.SetSysClock) for SetSysClock
    system_stm32f10x.o(.ARM.exidx.text.SystemInit) refers to system_stm32f10x.o(.text.SystemInit) for [Anonymous Symbol]
    system_stm32f10x.o(.text.SetSysClock) refers to system_stm32f10x.o(.text.SetSysClockTo72) for SetSysClockTo72
    system_stm32f10x.o(.ARM.exidx.text.SetSysClock) refers to system_stm32f10x.o(.text.SetSysClock) for [Anonymous Symbol]
    system_stm32f10x.o(.text.SystemCoreClockUpdate) refers to system_stm32f10x.o(.data.SystemCoreClock) for SystemCoreClock
    system_stm32f10x.o(.text.SystemCoreClockUpdate) refers to system_stm32f10x.o(.rodata.AHBPrescTable) for AHBPrescTable
    system_stm32f10x.o(.ARM.exidx.text.SystemCoreClockUpdate) refers to system_stm32f10x.o(.text.SystemCoreClockUpdate) for [Anonymous Symbol]
    system_stm32f10x.o(.ARM.exidx.text.SetSysClockTo72) refers to system_stm32f10x.o(.text.SetSysClockTo72) for [Anonymous Symbol]
    __main.o(!!!main) refers to __rtentry.o(.ARM.Collect$$rtentry$$00000000) for __rt_entry
    d2f.o(x$fpl$d2f) refers (Special) to usenofp.o(x$fpl$usenofp) for __I$use$fp
    d2f.o(x$fpl$d2f) refers to fretinf.o(x$fpl$fretinf) for __fpl_fretinf
    d2f.o(x$fpl$d2f) refers to dnaninf.o(x$fpl$dnaninf) for __fpl_dnaninf
    dflt_clz.o(x$fpl$dfltu) refers (Special) to usenofp.o(x$fpl$usenofp) for __I$use$fp
    dflt_clz.o(x$fpl$dflt) refers (Special) to usenofp.o(x$fpl$usenofp) for __I$use$fp
    dflt_clz.o(x$fpl$dfltn) refers (Special) to usenofp.o(x$fpl$usenofp) for __I$use$fp
    dmul.o(x$fpl$dmul) refers (Special) to usenofp.o(x$fpl$usenofp) for __I$use$fp
    dmul.o(x$fpl$dmul) refers to dretinf.o(x$fpl$dretinf) for __fpl_dretinf
    dmul.o(x$fpl$dmul) refers to dnaninf.o(x$fpl$dnaninf) for __fpl_dnaninf
    __rtentry.o(.ARM.Collect$$rtentry$$00000000) refers (Special) to __rtentry2.o(.ARM.Collect$$rtentry$$0000000A) for __rt_entry_li
    __rtentry.o(.ARM.Collect$$rtentry$$00000000) refers (Special) to __rtentry2.o(.ARM.Collect$$rtentry$$0000000D) for __rt_entry_main
    __rtentry.o(.ARM.Collect$$rtentry$$00000000) refers (Special) to __rtentry2.o(.ARM.Collect$$rtentry$$0000000C) for __rt_entry_postli_1
    __rtentry.o(.ARM.Collect$$rtentry$$00000000) refers (Special) to __rtentry2.o(.ARM.Collect$$rtentry$$00000009) for __rt_entry_postsh_1
    __rtentry.o(.ARM.Collect$$rtentry$$00000000) refers (Special) to __rtentry2.o(.ARM.Collect$$rtentry$$00000002) for __rt_entry_presh_1
    __rtentry.o(.ARM.Collect$$rtentry$$00000000) refers (Special) to __rtentry4.o(.ARM.Collect$$rtentry$$00000004) for __rt_entry_sh
    dnaninf.o(x$fpl$dnaninf) refers (Special) to usenofp.o(x$fpl$usenofp) for __I$use$fp
    dretinf.o(x$fpl$dretinf) refers (Special) to usenofp.o(x$fpl$usenofp) for __I$use$fp
    fretinf.o(x$fpl$fretinf) refers (Special) to usenofp.o(x$fpl$usenofp) for __I$use$fp
    __rtentry2.o(.ARM.Collect$$rtentry$$00000008) refers to boardinit2.o(.text) for _platform_post_stackheap_init
    __rtentry2.o(.ARM.Collect$$rtentry$$0000000A) refers to libinit.o(.ARM.Collect$$libinit$$00000000) for __rt_lib_init
    __rtentry2.o(.ARM.Collect$$rtentry$$0000000B) refers to boardinit3.o(.text) for _platform_post_lib_init
    __rtentry2.o(.ARM.Collect$$rtentry$$0000000D) refers to main.o(.text.main) for main
    __rtentry2.o(.ARM.Collect$$rtentry$$0000000D) refers to exit.o(.text) for exit
    __rtentry2.o(.ARM.exidx) refers to __rtentry2.o(.ARM.Collect$$rtentry$$00000001) for .ARM.Collect$$rtentry$$00000001
    __rtentry2.o(.ARM.exidx) refers to __rtentry2.o(.ARM.Collect$$rtentry$$00000008) for .ARM.Collect$$rtentry$$00000008
    __rtentry2.o(.ARM.exidx) refers to __rtentry2.o(.ARM.Collect$$rtentry$$0000000A) for .ARM.Collect$$rtentry$$0000000A
    __rtentry2.o(.ARM.exidx) refers to __rtentry2.o(.ARM.Collect$$rtentry$$0000000B) for .ARM.Collect$$rtentry$$0000000B
    __rtentry2.o(.ARM.exidx) refers to __rtentry2.o(.ARM.Collect$$rtentry$$0000000D) for .ARM.Collect$$rtentry$$0000000D
    __rtentry4.o(.ARM.Collect$$rtentry$$00000004) refers to sys_stackheap_outer.o(.text) for __user_setup_stackheap
    __rtentry4.o(.ARM.exidx) refers to __rtentry4.o(.ARM.Collect$$rtentry$$00000004) for .ARM.Collect$$rtentry$$00000004
    sys_stackheap_outer.o(.text) refers to libspace.o(.text) for __user_perproc_libspace
    sys_stackheap_outer.o(.text) refers to startup_stm32f10x_md.o(.text) for __user_initial_stackheap
    exit.o(.text) refers to rtexit.o(.ARM.Collect$$rtexit$$00000000) for __rt_exit
    libinit.o(.ARM.Collect$$libinit$$00000000) refers (Special) to libinit2.o(.ARM.Collect$$libinit$$0000002E) for __rt_lib_init_alloca_1
    libinit.o(.ARM.Collect$$libinit$$00000000) refers (Special) to libinit2.o(.ARM.Collect$$libinit$$0000002C) for __rt_lib_init_argv_1
    libinit.o(.ARM.Collect$$libinit$$00000000) refers (Special) to libinit2.o(.ARM.Collect$$libinit$$0000001B) for __rt_lib_init_atexit_1
    libinit.o(.ARM.Collect$$libinit$$00000000) refers (Special) to libinit2.o(.ARM.Collect$$libinit$$00000021) for __rt_lib_init_clock_1
    libinit.o(.ARM.Collect$$libinit$$00000000) refers (Special) to libinit2.o(.ARM.Collect$$libinit$$00000032) for __rt_lib_init_cpp_1
    libinit.o(.ARM.Collect$$libinit$$00000000) refers (Special) to libinit2.o(.ARM.Collect$$libinit$$00000030) for __rt_lib_init_exceptions_1
    libinit.o(.ARM.Collect$$libinit$$00000000) refers (Special) to libinit2.o(.ARM.Collect$$libinit$$00000002) for __rt_lib_init_fp_1
    libinit.o(.ARM.Collect$$libinit$$00000000) refers (Special) to libinit2.o(.ARM.Collect$$libinit$$0000001F) for __rt_lib_init_fp_trap_1
    libinit.o(.ARM.Collect$$libinit$$00000000) refers (Special) to libinit2.o(.ARM.Collect$$libinit$$00000023) for __rt_lib_init_getenv_1
    libinit.o(.ARM.Collect$$libinit$$00000000) refers (Special) to libinit2.o(.ARM.Collect$$libinit$$0000000A) for __rt_lib_init_heap_1
    libinit.o(.ARM.Collect$$libinit$$00000000) refers (Special) to libinit2.o(.ARM.Collect$$libinit$$00000011) for __rt_lib_init_lc_collate_1
    libinit.o(.ARM.Collect$$libinit$$00000000) refers (Special) to libinit2.o(.ARM.Collect$$libinit$$00000013) for __rt_lib_init_lc_ctype_1
    libinit.o(.ARM.Collect$$libinit$$00000000) refers (Special) to libinit2.o(.ARM.Collect$$libinit$$00000015) for __rt_lib_init_lc_monetary_1
    libinit.o(.ARM.Collect$$libinit$$00000000) refers (Special) to libinit2.o(.ARM.Collect$$libinit$$00000017) for __rt_lib_init_lc_numeric_1
    libinit.o(.ARM.Collect$$libinit$$00000000) refers (Special) to libinit2.o(.ARM.Collect$$libinit$$00000019) for __rt_lib_init_lc_time_1
    libinit.o(.ARM.Collect$$libinit$$00000000) refers (Special) to libinit2.o(.ARM.Collect$$libinit$$00000004) for __rt_lib_init_preinit_1
    libinit.o(.ARM.Collect$$libinit$$00000000) refers (Special) to libinit2.o(.ARM.Collect$$libinit$$0000000E) for __rt_lib_init_rand_1
    libinit.o(.ARM.Collect$$libinit$$00000000) refers (Special) to libinit2.o(.ARM.Collect$$libinit$$00000033) for __rt_lib_init_return
    libinit.o(.ARM.Collect$$libinit$$00000000) refers (Special) to libinit2.o(.ARM.Collect$$libinit$$0000001D) for __rt_lib_init_signal_1
    libinit.o(.ARM.Collect$$libinit$$00000000) refers (Special) to libinit2.o(.ARM.Collect$$libinit$$00000025) for __rt_lib_init_stdio_1
    libinit.o(.ARM.Collect$$libinit$$00000000) refers (Special) to libinit2.o(.ARM.Collect$$libinit$$0000000C) for __rt_lib_init_user_alloc_1
    libspace.o(.text) refers to libspace.o(.bss) for __libspace_start
    rtexit.o(.ARM.Collect$$rtexit$$00000000) refers (Special) to rtexit2.o(.ARM.Collect$$rtexit$$00000004) for __rt_exit_exit
    rtexit.o(.ARM.Collect$$rtexit$$00000000) refers (Special) to rtexit2.o(.ARM.Collect$$rtexit$$00000003) for __rt_exit_ls
    rtexit.o(.ARM.Collect$$rtexit$$00000000) refers (Special) to rtexit2.o(.ARM.Collect$$rtexit$$00000002) for __rt_exit_prels_1
    rtexit.o(.ARM.exidx) refers (Special) to rtexit2.o(.ARM.Collect$$rtexit$$00000004) for __rt_exit_exit
    rtexit.o(.ARM.exidx) refers (Special) to rtexit2.o(.ARM.Collect$$rtexit$$00000003) for __rt_exit_ls
    rtexit.o(.ARM.exidx) refers (Special) to rtexit2.o(.ARM.Collect$$rtexit$$00000002) for __rt_exit_prels_1
    rtexit.o(.ARM.exidx) refers to rtexit.o(.ARM.Collect$$rtexit$$00000000) for .ARM.Collect$$rtexit$$00000000
    libinit2.o(.ARM.Collect$$libinit$$00000010) refers to libinit2.o(.ARM.Collect$$libinit$$0000000F) for .ARM.Collect$$libinit$$0000000F
    libinit2.o(.ARM.Collect$$libinit$$00000012) refers to libinit2.o(.ARM.Collect$$libinit$$0000000F) for .ARM.Collect$$libinit$$0000000F
    libinit2.o(.ARM.Collect$$libinit$$00000014) refers to libinit2.o(.ARM.Collect$$libinit$$0000000F) for .ARM.Collect$$libinit$$0000000F
    libinit2.o(.ARM.Collect$$libinit$$00000016) refers to libinit2.o(.ARM.Collect$$libinit$$0000000F) for .ARM.Collect$$libinit$$0000000F
    libinit2.o(.ARM.Collect$$libinit$$00000018) refers to libinit2.o(.ARM.Collect$$libinit$$0000000F) for .ARM.Collect$$libinit$$0000000F
    libinit2.o(.ARM.Collect$$libinit$$00000026) refers to argv_veneer.o(.emb_text) for __ARM_argv_veneer
    libinit2.o(.ARM.Collect$$libinit$$00000027) refers to argv_veneer.o(.emb_text) for __ARM_argv_veneer
    rtexit2.o(.ARM.Collect$$rtexit$$00000003) refers to libshutdown.o(.ARM.Collect$$libshutdown$$00000000) for __rt_lib_shutdown
    rtexit2.o(.ARM.Collect$$rtexit$$00000004) refers to sys_exit.o(.text) for _sys_exit
    rtexit2.o(.ARM.exidx) refers to rtexit2.o(.ARM.Collect$$rtexit$$00000001) for .ARM.Collect$$rtexit$$00000001
    rtexit2.o(.ARM.exidx) refers to rtexit2.o(.ARM.Collect$$rtexit$$00000003) for .ARM.Collect$$rtexit$$00000003
    rtexit2.o(.ARM.exidx) refers to rtexit2.o(.ARM.Collect$$rtexit$$00000004) for .ARM.Collect$$rtexit$$00000004
    argv_veneer.o(.emb_text) refers to no_argv.o(.text) for __ARM_get_argv
    sys_exit.o(.text) refers (Special) to use_no_semi.o(.text) for __I$use$semihosting
    sys_exit.o(.text) refers (Special) to indicate_semi.o(.text) for __semihosting_library_function
    sys_exit_hlt.o(.text) refers (Special) to use_no_semi.o(.text) for __I$use$semihosting
    sys_exit_hlt.o(.text) refers (Special) to indicate_semi.o(.text) for __semihosting_library_function
    _get_argv_nomalloc.o(.text) refers (Special) to hrguard.o(.text) for __heap_region$guard
    _get_argv_nomalloc.o(.text) refers to defsig_rtmem_outer.o(.text) for __rt_SIGRTMEM
    _get_argv_nomalloc.o(.text) refers to sys_command.o(.text) for _sys_command_string
    libshutdown.o(.ARM.Collect$$libshutdown$$00000000) refers (Special) to libshutdown2.o(.ARM.Collect$$libshutdown$$00000002) for __rt_lib_shutdown_cpp_1
    libshutdown.o(.ARM.Collect$$libshutdown$$00000000) refers (Special) to libshutdown2.o(.ARM.Collect$$libshutdown$$00000007) for __rt_lib_shutdown_fp_trap_1
    libshutdown.o(.ARM.Collect$$libshutdown$$00000000) refers (Special) to libshutdown2.o(.ARM.Collect$$libshutdown$$0000000F) for __rt_lib_shutdown_heap_1
    libshutdown.o(.ARM.Collect$$libshutdown$$00000000) refers (Special) to libshutdown2.o(.ARM.Collect$$libshutdown$$00000010) for __rt_lib_shutdown_return
    libshutdown.o(.ARM.Collect$$libshutdown$$00000000) refers (Special) to libshutdown2.o(.ARM.Collect$$libshutdown$$0000000A) for __rt_lib_shutdown_signal_1
    libshutdown.o(.ARM.Collect$$libshutdown$$00000000) refers (Special) to libshutdown2.o(.ARM.Collect$$libshutdown$$00000004) for __rt_lib_shutdown_stdio_1
    libshutdown.o(.ARM.Collect$$libshutdown$$00000000) refers (Special) to libshutdown2.o(.ARM.Collect$$libshutdown$$0000000C) for __rt_lib_shutdown_user_alloc_1
    sys_command.o(.text) refers (Special) to use_no_semi.o(.text) for __I$use$semihosting
    sys_command.o(.text) refers (Special) to indicate_semi.o(.text) for __semihosting_library_function
    sys_command_hlt.o(.text) refers (Special) to use_no_semi.o(.text) for __I$use$semihosting
    sys_command_hlt.o(.text) refers (Special) to indicate_semi.o(.text) for __semihosting_library_function
    defsig_rtmem_outer.o(.text) refers to defsig_rtmem_inner.o(.text) for __rt_SIGRTMEM_inner
    defsig_rtmem_outer.o(.text) refers to defsig_exit.o(.text) for __sig_exit
    defsig_rtmem_formal.o(.text) refers to rt_raise.o(.text) for __rt_raise
    rt_raise.o(.text) refers to __raise.o(.text) for __raise
    rt_raise.o(.text) refers to sys_exit.o(.text) for _sys_exit
    defsig_exit.o(.text) refers to sys_exit.o(.text) for _sys_exit
    defsig_rtmem_inner.o(.text) refers to defsig_general.o(.text) for __default_signal_display
    __raise.o(.text) refers to defsig.o(CL$$defsig) for __default_signal_handler
    defsig_general.o(.text) refers to sys_wrch.o(.text) for _ttywrch
    sys_wrch.o(.text) refers (Special) to use_no_semi.o(.text) for __I$use$semihosting
    sys_wrch.o(.text) refers (Special) to indicate_semi.o(.text) for __semihosting_library_function
    sys_wrch_hlt.o(.text) refers (Special) to use_no_semi.o(.text) for __I$use$semihosting
    sys_wrch_hlt.o(.text) refers (Special) to indicate_semi.o(.text) for __semihosting_library_function
    defsig.o(CL$$defsig) refers to defsig_rtmem_inner.o(.text) for __rt_SIGRTMEM_inner
    defsig_abrt_inner.o(.text) refers to defsig_general.o(.text) for __default_signal_display
    defsig_fpe_inner.o(.text) refers to defsig_general.o(.text) for __default_signal_display
    defsig_rtred_inner.o(.text) refers to defsig_general.o(.text) for __default_signal_display
    defsig_stak_inner.o(.text) refers to defsig_general.o(.text) for __default_signal_display
    defsig_pvfn_inner.o(.text) refers to defsig_general.o(.text) for __default_signal_display
    defsig_cppl_inner.o(.text) refers to defsig_general.o(.text) for __default_signal_display
    defsig_segv_inner.o(.text) refers to defsig_general.o(.text) for __default_signal_display
    defsig_other.o(.text) refers to defsig_general.o(.text) for __default_signal_display


==============================================================================

Removing Unused input sections from the image.

    Removing main.o(.text), (0 bytes).
    Removing main.o(.ARM.exidx.text.HCSR04_Complete_Callback), (8 bytes).
    Removing main.o(.ARM.exidx.text.TIM_IRQ_Callback), (8 bytes).
    Removing main.o(.ARM.exidx.text.main), (8 bytes).
    Removing main.o(.ARM.use_no_argv), (4 bytes).
    Removing hcsr04.o(.text), (0 bytes).
    Removing hcsr04.o(.ARM.exidx.text.EXTI0_Config), (8 bytes).
    Removing hcsr04.o(.ARM.exidx.text.__NVIC_SetPriority), (8 bytes).
    Removing hcsr04.o(.ARM.exidx.text.__NVIC_EnableIRQ), (8 bytes).
    Removing hcsr04.o(.ARM.exidx.text.TIM2_Delay_us), (8 bytes).
    Removing hcsr04.o(.ARM.exidx.text.EXTI0_IRQHandler), (8 bytes).
    Removing hcsr04.o(.ARM.exidx.text.HCSR04_Start), (8 bytes).
    Removing hcsr04.o(.ARM.exidx.text.HCSR04_Handler), (8 bytes).
    Removing hcsr04.o(.ARM.exidx.text.HCSR04_Init), (8 bytes).
    Removing sysclock.o(.text), (0 bytes).
    Removing sysclock.o(.ARM.exidx.text.SysClockConfig), (8 bytes).
    Removing sysclock.o(.ARM.exidx.text.SysTick_Config), (8 bytes).
    Removing sysclock.o(.ARM.exidx.text.SysTick_Handler), (8 bytes).
    Removing sysclock.o(.ARM.exidx.text.Get_Tick), (8 bytes).
    Removing sysclock.o(.text.Delay_ms), (24 bytes).
    Removing sysclock.o(.ARM.exidx.text.Delay_ms), (8 bytes).
    Removing sysclock.o(.ARM.exidx.text.__NVIC_SetPriority), (8 bytes).
    Removing gpio_driver.o(.text), (0 bytes).
    Removing gpio_driver.o(.ARM.exidx.text.GPIO_Config), (8 bytes).
    Removing gpio_driver.o(.ARM.exidx.text.GPIO_Write_Pin), (8 bytes).
    Removing gpio_driver.o(.text.GPIO_Read_Pin), (14 bytes).
    Removing gpio_driver.o(.ARM.exidx.text.GPIO_Read_Pin), (8 bytes).
    Removing gpio_driver.o(.ARM.exidx.text.GPIO_Toggle_Pin), (8 bytes).
    Removing timer_driver.o(.text), (0 bytes).
    Removing timer_driver.o(.ARM.exidx.text.TIM_Config), (8 bytes).
    Removing timer_driver.o(.ARM.exidx.text.TIM_IT_Config), (8 bytes).
    Removing timer_driver.o(.ARM.exidx.text.__NVIC_SetPriority), (8 bytes).
    Removing timer_driver.o(.ARM.exidx.text.__NVIC_EnableIRQ), (8 bytes).
    Removing timer_driver.o(.ARM.exidx.text.TIM1_UP_IRQHandler), (8 bytes).
    Removing timer_driver.o(.ARM.exidx.text.TIM2_IRQHandler), (8 bytes).
    Removing timer_driver.o(.ARM.exidx.text.TIM3_IRQHandler), (8 bytes).
    Removing timer_driver.o(.ARM.exidx.text.TIM4_IRQHandler), (8 bytes).
    Removing timer_driver.o(.ARM.exidx.text.TIM_PWM_Config), (8 bytes).
    Removing timer_driver.o(.ARM.exidx.text.TIM_PWM_SetDuty), (8 bytes).
    Removing motor.o(.text), (0 bytes).
    Removing motor.o(.ARM.exidx.text.motor_Control), (8 bytes).
    Removing motor.o(.ARM.exidx.text.motor_Init), (8 bytes).
    Removing system_stm32f10x.o(.text), (0 bytes).
    Removing system_stm32f10x.o(.ARM.exidx.text.SystemInit), (8 bytes).
    Removing system_stm32f10x.o(.ARM.exidx.text.SetSysClock), (8 bytes).
    Removing system_stm32f10x.o(.ARM.exidx.text.SystemCoreClockUpdate), (8 bytes).
    Removing system_stm32f10x.o(.ARM.exidx.text.SetSysClockTo72), (8 bytes).

47 unused section(s) (total 338 bytes) removed from the image.

==============================================================================

Image Symbol Table

    Local Symbols

    Symbol Name                              Value     Ov Type        Size  Object(Section)

    ../clib/angel/boardlib.s                 0x00000000   Number         0  boardinit1.o ABSOLUTE
    ../clib/angel/boardlib.s                 0x00000000   Number         0  boardinit2.o ABSOLUTE
    ../clib/angel/boardlib.s                 0x00000000   Number         0  boardinit3.o ABSOLUTE
    ../clib/angel/boardlib.s                 0x00000000   Number         0  boardshut.o ABSOLUTE
    ../clib/angel/handlers.s                 0x00000000   Number         0  __scatter_copy.o ABSOLUTE
    ../clib/angel/handlers.s                 0x00000000   Number         0  __scatter_zi.o ABSOLUTE
    ../clib/angel/kernel.s                   0x00000000   Number         0  __rtentry.o ABSOLUTE
    ../clib/angel/kernel.s                   0x00000000   Number         0  __rtentry2.o ABSOLUTE
    ../clib/angel/kernel.s                   0x00000000   Number         0  __rtentry4.o ABSOLUTE
    ../clib/angel/kernel.s                   0x00000000   Number         0  rtexit.o ABSOLUTE
    ../clib/angel/kernel.s                   0x00000000   Number         0  rtexit2.o ABSOLUTE
    ../clib/angel/rt.s                       0x00000000   Number         0  rt_raise.o ABSOLUTE
    ../clib/angel/scatter.s                  0x00000000   Number         0  __scatter.o ABSOLUTE
    ../clib/angel/startup.s                  0x00000000   Number         0  __main.o ABSOLUTE
    ../clib/angel/sys.s                      0x00000000   Number         0  sys_stackheap_outer.o ABSOLUTE
    ../clib/angel/sys.s                      0x00000000   Number         0  libspace.o ABSOLUTE
    ../clib/angel/sys.s                      0x00000000   Number         0  use_no_semi.o ABSOLUTE
    ../clib/angel/sys.s                      0x00000000   Number         0  indicate_semi.o ABSOLUTE
    ../clib/angel/sysapp.c                   0x00000000   Number         0  sys_exit.o ABSOLUTE
    ../clib/angel/sysapp.c                   0x00000000   Number         0  sys_exit_hlt.o ABSOLUTE
    ../clib/angel/sysapp.c                   0x00000000   Number         0  sys_command.o ABSOLUTE
    ../clib/angel/sysapp.c                   0x00000000   Number         0  sys_command_hlt.o ABSOLUTE
    ../clib/angel/sysapp.c                   0x00000000   Number         0  sys_wrch.o ABSOLUTE
    ../clib/angel/sysapp.c                   0x00000000   Number         0  sys_wrch_hlt.o ABSOLUTE
    ../clib/armsys.c                         0x00000000   Number         0  argv_veneer.o ABSOLUTE
    ../clib/armsys.c                         0x00000000   Number         0  argv_veneer.o ABSOLUTE
    ../clib/armsys.c                         0x00000000   Number         0  _get_argv_nomalloc.o ABSOLUTE
    ../clib/armsys.c                         0x00000000   Number         0  no_argv.o ABSOLUTE
    ../clib/heapalloc.c                      0x00000000   Number         0  hrguard.o ABSOLUTE
    ../clib/heapaux.c                        0x00000000   Number         0  heapauxi.o ABSOLUTE
    ../clib/libinit.s                        0x00000000   Number         0  libinit.o ABSOLUTE
    ../clib/libinit.s                        0x00000000   Number         0  libinit2.o ABSOLUTE
    ../clib/libinit.s                        0x00000000   Number         0  libshutdown.o ABSOLUTE
    ../clib/libinit.s                        0x00000000   Number         0  libshutdown2.o ABSOLUTE
    ../clib/signal.c                         0x00000000   Number         0  defsig_rtmem_outer.o ABSOLUTE
    ../clib/signal.c                         0x00000000   Number         0  defsig_rtmem_formal.o ABSOLUTE
    ../clib/signal.c                         0x00000000   Number         0  defsig_exit.o ABSOLUTE
    ../clib/signal.c                         0x00000000   Number         0  defsig_rtmem_inner.o ABSOLUTE
    ../clib/signal.c                         0x00000000   Number         0  __raise.o ABSOLUTE
    ../clib/signal.c                         0x00000000   Number         0  defsig_general.o ABSOLUTE
    ../clib/signal.c                         0x00000000   Number         0  defsig_abrt_inner.o ABSOLUTE
    ../clib/signal.c                         0x00000000   Number         0  defsig_fpe_inner.o ABSOLUTE
    ../clib/signal.c                         0x00000000   Number         0  defsig_rtred_inner.o ABSOLUTE
    ../clib/signal.c                         0x00000000   Number         0  defsig_stak_inner.o ABSOLUTE
    ../clib/signal.c                         0x00000000   Number         0  defsig_pvfn_inner.o ABSOLUTE
    ../clib/signal.c                         0x00000000   Number         0  defsig_cppl_inner.o ABSOLUTE
    ../clib/signal.c                         0x00000000   Number         0  defsig_segv_inner.o ABSOLUTE
    ../clib/signal.c                         0x00000000   Number         0  defsig_other.o ABSOLUTE
    ../clib/signal.s                         0x00000000   Number         0  defsig.o ABSOLUTE
    ../clib/stdlib.c                         0x00000000   Number         0  exit.o ABSOLUTE
    ../fplib/d2f.s                           0x00000000   Number         0  d2f.o ABSOLUTE
    ../fplib/dflt.s                          0x00000000   Number         0  dflt_clz.o ABSOLUTE
    ../fplib/dmul.s                          0x00000000   Number         0  dmul.o ABSOLUTE
    ../fplib/dnaninf.s                       0x00000000   Number         0  dnaninf.o ABSOLUTE
    ../fplib/dretinf.s                       0x00000000   Number         0  dretinf.o ABSOLUTE
    ../fplib/fpinit.s                        0x00000000   Number         0  fpinit.o ABSOLUTE
    ../fplib/fpinit_empty.s                  0x00000000   Number         0  fpinit_empty.o ABSOLUTE
    ../fplib/fretinf.s                       0x00000000   Number         0  fretinf.o ABSOLUTE
    ../fplib/usenofp.s                       0x00000000   Number         0  usenofp.o ABSOLUTE
    RTE/Device/STM32F103C8/startup_stm32f10x_md.s 0x00000000   Number         0  startup_stm32f10x_md.o ABSOLUTE
    SysClock.c                               0x00000000   Number         0  sysclock.o ABSOLUTE
    dc.s                                     0x00000000   Number         0  dc.o ABSOLUTE
    gpio_driver.c                            0x00000000   Number         0  gpio_driver.o ABSOLUTE
    hcsr04.c                                 0x00000000   Number         0  hcsr04.o ABSOLUTE
    main.c                                   0x00000000   Number         0  main.o ABSOLUTE
    motor.c                                  0x00000000   Number         0  motor.o ABSOLUTE
    system_stm32f10x.c                       0x00000000   Number         0  system_stm32f10x.o ABSOLUTE
    timer_driver.c                           0x00000000   Number         0  timer_driver.o ABSOLUTE
    RESET                                    0x08000000   Section      236  startup_stm32f10x_md.o(RESET)
    !!!main                                  0x080000ec   Section        8  __main.o(!!!main)
    !!!scatter                               0x080000f4   Section       52  __scatter.o(!!!scatter)
    !!handler_copy                           0x08000128   Section       26  __scatter_copy.o(!!handler_copy)
    !!handler_zi                             0x08000144   Section       28  __scatter_zi.o(!!handler_zi)
    .ARM.Collect$$libinit$$00000000          0x08000160   Section        2  libinit.o(.ARM.Collect$$libinit$$00000000)
    .ARM.Collect$$libinit$$00000002          0x08000162   Section        0  libinit2.o(.ARM.Collect$$libinit$$00000002)
    .ARM.Collect$$libinit$$00000004          0x08000162   Section        0  libinit2.o(.ARM.Collect$$libinit$$00000004)
    .ARM.Collect$$libinit$$0000000A          0x08000162   Section        0  libinit2.o(.ARM.Collect$$libinit$$0000000A)
    .ARM.Collect$$libinit$$0000000C          0x08000162   Section        0  libinit2.o(.ARM.Collect$$libinit$$0000000C)
    .ARM.Collect$$libinit$$0000000E          0x08000162   Section        0  libinit2.o(.ARM.Collect$$libinit$$0000000E)
    .ARM.Collect$$libinit$$00000011          0x08000162   Section        0  libinit2.o(.ARM.Collect$$libinit$$00000011)
    .ARM.Collect$$libinit$$00000013          0x08000162   Section        0  libinit2.o(.ARM.Collect$$libinit$$00000013)
    .ARM.Collect$$libinit$$00000015          0x08000162   Section        0  libinit2.o(.ARM.Collect$$libinit$$00000015)
    .ARM.Collect$$libinit$$00000017          0x08000162   Section        0  libinit2.o(.ARM.Collect$$libinit$$00000017)
    .ARM.Collect$$libinit$$00000019          0x08000162   Section        0  libinit2.o(.ARM.Collect$$libinit$$00000019)
    .ARM.Collect$$libinit$$0000001B          0x08000162   Section        0  libinit2.o(.ARM.Collect$$libinit$$0000001B)
    .ARM.Collect$$libinit$$0000001D          0x08000162   Section        0  libinit2.o(.ARM.Collect$$libinit$$0000001D)
    .ARM.Collect$$libinit$$0000001F          0x08000162   Section        0  libinit2.o(.ARM.Collect$$libinit$$0000001F)
    .ARM.Collect$$libinit$$00000021          0x08000162   Section        0  libinit2.o(.ARM.Collect$$libinit$$00000021)
    .ARM.Collect$$libinit$$00000023          0x08000162   Section        0  libinit2.o(.ARM.Collect$$libinit$$00000023)
    .ARM.Collect$$libinit$$00000025          0x08000162   Section        0  libinit2.o(.ARM.Collect$$libinit$$00000025)
    .ARM.Collect$$libinit$$0000002C          0x08000162   Section        0  libinit2.o(.ARM.Collect$$libinit$$0000002C)
    .ARM.Collect$$libinit$$0000002E          0x08000162   Section        0  libinit2.o(.ARM.Collect$$libinit$$0000002E)
    .ARM.Collect$$libinit$$00000030          0x08000162   Section        0  libinit2.o(.ARM.Collect$$libinit$$00000030)
    .ARM.Collect$$libinit$$00000032          0x08000162   Section        0  libinit2.o(.ARM.Collect$$libinit$$00000032)
    .ARM.Collect$$libinit$$00000033          0x08000162   Section        2  libinit2.o(.ARM.Collect$$libinit$$00000033)
    .ARM.Collect$$libshutdown$$00000000      0x08000164   Section        2  libshutdown.o(.ARM.Collect$$libshutdown$$00000000)
    .ARM.Collect$$libshutdown$$00000002      0x08000166   Section        0  libshutdown2.o(.ARM.Collect$$libshutdown$$00000002)
    .ARM.Collect$$libshutdown$$00000004      0x08000166   Section        0  libshutdown2.o(.ARM.Collect$$libshutdown$$00000004)
    .ARM.Collect$$libshutdown$$00000007      0x08000166   Section        0  libshutdown2.o(.ARM.Collect$$libshutdown$$00000007)
    .ARM.Collect$$libshutdown$$0000000A      0x08000166   Section        0  libshutdown2.o(.ARM.Collect$$libshutdown$$0000000A)
    .ARM.Collect$$libshutdown$$0000000C      0x08000166   Section        0  libshutdown2.o(.ARM.Collect$$libshutdown$$0000000C)
    .ARM.Collect$$libshutdown$$0000000F      0x08000166   Section        0  libshutdown2.o(.ARM.Collect$$libshutdown$$0000000F)
    .ARM.Collect$$libshutdown$$00000010      0x08000166   Section        2  libshutdown2.o(.ARM.Collect$$libshutdown$$00000010)
    .ARM.Collect$$rtentry$$00000000          0x08000168   Section        0  __rtentry.o(.ARM.Collect$$rtentry$$00000000)
    .ARM.Collect$$rtentry$$00000002          0x08000168   Section        0  __rtentry2.o(.ARM.Collect$$rtentry$$00000002)
    .ARM.Collect$$rtentry$$00000004          0x08000168   Section        6  __rtentry4.o(.ARM.Collect$$rtentry$$00000004)
    .ARM.Collect$$rtentry$$00000009          0x0800016e   Section        0  __rtentry2.o(.ARM.Collect$$rtentry$$00000009)
    .ARM.Collect$$rtentry$$0000000A          0x0800016e   Section        4  __rtentry2.o(.ARM.Collect$$rtentry$$0000000A)
    .ARM.Collect$$rtentry$$0000000C          0x08000172   Section        0  __rtentry2.o(.ARM.Collect$$rtentry$$0000000C)
    .ARM.Collect$$rtentry$$0000000D          0x08000172   Section        8  __rtentry2.o(.ARM.Collect$$rtentry$$0000000D)
    .ARM.Collect$$rtexit$$00000000           0x0800017a   Section        2  rtexit.o(.ARM.Collect$$rtexit$$00000000)
    .ARM.Collect$$rtexit$$00000002           0x0800017c   Section        0  rtexit2.o(.ARM.Collect$$rtexit$$00000002)
    .ARM.Collect$$rtexit$$00000003           0x0800017c   Section        4  rtexit2.o(.ARM.Collect$$rtexit$$00000003)
    .ARM.Collect$$rtexit$$00000004           0x08000180   Section        6  rtexit2.o(.ARM.Collect$$rtexit$$00000004)
    .text                                    0x08000188   Section       64  startup_stm32f10x_md.o(.text)
    .text                                    0x080001c8   Section        0  heapauxi.o(.text)
    .text                                    0x080001ce   Section       74  sys_stackheap_outer.o(.text)
    .text                                    0x08000218   Section        0  exit.o(.text)
    .text                                    0x0800022c   Section        8  libspace.o(.text)
    .text                                    0x08000234   Section        0  sys_exit.o(.text)
    .text                                    0x08000240   Section        2  use_no_semi.o(.text)
    .text                                    0x08000242   Section        0  indicate_semi.o(.text)
    [Anonymous Symbol]                       0x08000244   Section        0  hcsr04.o(.text.EXTI0_Config)
    [Anonymous Symbol]                       0x080002a4   Section        0  hcsr04.o(.text.EXTI0_IRQHandler)
    [Anonymous Symbol]                       0x08000310   Section        0  gpio_driver.o(.text.GPIO_Config)
    [Anonymous Symbol]                       0x08000390   Section        0  gpio_driver.o(.text.GPIO_Toggle_Pin)
    [Anonymous Symbol]                       0x080003a0   Section        0  gpio_driver.o(.text.GPIO_Write_Pin)
    [Anonymous Symbol]                       0x080003bc   Section        0  sysclock.o(.text.Get_Tick)
    [Anonymous Symbol]                       0x080003c8   Section        0  main.o(.text.HCSR04_Complete_Callback)
    [Anonymous Symbol]                       0x080003d4   Section        0  hcsr04.o(.text.HCSR04_Handler)
    [Anonymous Symbol]                       0x08000414   Section        0  hcsr04.o(.text.HCSR04_Init)
    [Anonymous Symbol]                       0x0800044c   Section        0  hcsr04.o(.text.HCSR04_Start)
    SetSysClock                              0x08000481   Thumb Code     8  system_stm32f10x.o(.text.SetSysClock)
    [Anonymous Symbol]                       0x08000480   Section        0  system_stm32f10x.o(.text.SetSysClock)
    SetSysClockTo72                          0x08000489   Thumb Code   190  system_stm32f10x.o(.text.SetSysClockTo72)
    [Anonymous Symbol]                       0x08000488   Section        0  system_stm32f10x.o(.text.SetSysClockTo72)
    [Anonymous Symbol]                       0x08000548   Section        0  sysclock.o(.text.SysClockConfig)
    SysTick_Config                           0x080005e5   Thumb Code    36  sysclock.o(.text.SysTick_Config)
    [Anonymous Symbol]                       0x080005e4   Section        0  sysclock.o(.text.SysTick_Config)
    [Anonymous Symbol]                       0x08000608   Section        0  sysclock.o(.text.SysTick_Handler)
    [Anonymous Symbol]                       0x08000618   Section        0  system_stm32f10x.o(.text.SystemCoreClockUpdate)
    [Anonymous Symbol]                       0x08000688   Section        0  system_stm32f10x.o(.text.SystemInit)
    [Anonymous Symbol]                       0x080006e0   Section        0  timer_driver.o(.text.TIM1_UP_IRQHandler)
    [Anonymous Symbol]                       0x080006fc   Section        0  hcsr04.o(.text.TIM2_Delay_us)
    [Anonymous Symbol]                       0x08000728   Section        0  timer_driver.o(.text.TIM2_IRQHandler)
    [Anonymous Symbol]                       0x08000744   Section        0  timer_driver.o(.text.TIM3_IRQHandler)
    [Anonymous Symbol]                       0x08000760   Section        0  timer_driver.o(.text.TIM4_IRQHandler)
    [Anonymous Symbol]                       0x0800077c   Section        0  timer_driver.o(.text.TIM_Config)
    [Anonymous Symbol]                       0x08000818   Section        0  main.o(.text.TIM_IRQ_Callback)
    [Anonymous Symbol]                       0x08000850   Section        0  timer_driver.o(.text.TIM_IT_Config)
    [Anonymous Symbol]                       0x08000918   Section        0  timer_driver.o(.text.TIM_PWM_Config)
    [Anonymous Symbol]                       0x08000a00   Section        0  timer_driver.o(.text.TIM_PWM_SetDuty)
    __NVIC_EnableIRQ                         0x08000a49   Thumb Code    14  hcsr04.o(.text.__NVIC_EnableIRQ)
    [Anonymous Symbol]                       0x08000a48   Section        0  hcsr04.o(.text.__NVIC_EnableIRQ)
    __NVIC_EnableIRQ                         0x08000a59   Thumb Code    32  timer_driver.o(.text.__NVIC_EnableIRQ)
    [Anonymous Symbol]                       0x08000a58   Section        0  timer_driver.o(.text.__NVIC_EnableIRQ)
    __NVIC_SetPriority                       0x08000a79   Thumb Code    14  hcsr04.o(.text.__NVIC_SetPriority)
    [Anonymous Symbol]                       0x08000a78   Section        0  hcsr04.o(.text.__NVIC_SetPriority)
    __NVIC_SetPriority                       0x08000a89   Thumb Code    14  sysclock.o(.text.__NVIC_SetPriority)
    [Anonymous Symbol]                       0x08000a88   Section        0  sysclock.o(.text.__NVIC_SetPriority)
    __NVIC_SetPriority                       0x08000a99   Thumb Code    34  timer_driver.o(.text.__NVIC_SetPriority)
    [Anonymous Symbol]                       0x08000a98   Section        0  timer_driver.o(.text.__NVIC_SetPriority)
    [Anonymous Symbol]                       0x08000abc   Section        0  main.o(.text.main)
    [Anonymous Symbol]                       0x08000b58   Section        0  motor.o(.text.motor_Control)
    [Anonymous Symbol]                       0x08000bb4   Section        0  motor.o(.text.motor_Init)
    x$fpl$d2f                                0x08000bc8   Section       98  d2f.o(x$fpl$d2f)
    x$fpl$dfltu                              0x08000c2a   Section       38  dflt_clz.o(x$fpl$dfltu)
    x$fpl$dmul                               0x08000c50   Section      340  dmul.o(x$fpl$dmul)
    x$fpl$dnaninf                            0x08000da4   Section      156  dnaninf.o(x$fpl$dnaninf)
    x$fpl$dretinf                            0x08000e40   Section       12  dretinf.o(x$fpl$dretinf)
    x$fpl$fretinf                            0x08000e4c   Section       10  fretinf.o(x$fpl$fretinf)
    x$fpl$usenofp                            0x08000e56   Section        0  usenofp.o(x$fpl$usenofp)
    .bss                                     0x20000008   Section       96  libspace.o(.bss)
    hc04_state                               0x20000070   Data           1  hcsr04.o(.bss.hc04_state)
    [Anonymous Symbol]                       0x20000070   Section        0  hcsr04.o(.bss.hc04_state)
    n                                        0x20000084   Data           4  main.o(.bss.n)
    [Anonymous Symbol]                       0x20000084   Section        0  main.o(.bss.n)
    Heap_Mem                                 0x20000088   Data         512  startup_stm32f10x_md.o(HEAP)
    HEAP                                     0x20000088   Section      512  startup_stm32f10x_md.o(HEAP)
    Stack_Mem                                0x20000288   Data        1024  startup_stm32f10x_md.o(STACK)
    STACK                                    0x20000288   Section     1024  startup_stm32f10x_md.o(STACK)
    __initial_sp                             0x20000688   Data           0  startup_stm32f10x_md.o(STACK)

    Global Symbols

    Symbol Name                              Value     Ov Type        Size  Object(Section)

    BuildAttributes$$THM_ISAv4$P$D$K$B$S$PE$A:L22UL41UL21$X:L11$S22US41US21$IEEE1$IW$~IW$USESV6$~STKCKD$USESV7$~SHL$OTIME$ROPI$EBA8$UX$STANDARDLIB$REQ8$PRES8$EABIv2 0x00000000   Number         0  anon$$obj.o ABSOLUTE
    __fp_init_empty                          0x00000000   Number         0  fpinit_empty.o ABSOLUTE
    __ARM_exceptions_init                     - Undefined Weak Reference
    __alloca_initialize                       - Undefined Weak Reference
    __arm_preinit_                            - Undefined Weak Reference
    __cpp_initialize__aeabi_                  - Undefined Weak Reference
    __cxa_finalize                            - Undefined Weak Reference
    __rt_locale                               - Undefined Weak Reference
    __sigvec_lookup                           - Undefined Weak Reference
    _atexit_init                              - Undefined Weak Reference
    _call_atexit_fns                          - Undefined Weak Reference
    _clock_init                               - Undefined Weak Reference
    _fp_trap_init                             - Undefined Weak Reference
    _fp_trap_shutdown                         - Undefined Weak Reference
    _get_lc_collate                           - Undefined Weak Reference
    _get_lc_ctype                             - Undefined Weak Reference
    _get_lc_monetary                          - Undefined Weak Reference
    _get_lc_numeric                           - Undefined Weak Reference
    _get_lc_time                              - Undefined Weak Reference
    _getenv_init                              - Undefined Weak Reference
    _handle_redirection                       - Undefined Weak Reference
    _init_alloc                               - Undefined Weak Reference
    _init_user_alloc                          - Undefined Weak Reference
    _initio                                   - Undefined Weak Reference
    _rand_init                                - Undefined Weak Reference
    _signal_finish                            - Undefined Weak Reference
    _signal_init                              - Undefined Weak Reference
    _terminate_alloc                          - Undefined Weak Reference
    _terminate_user_alloc                     - Undefined Weak Reference
    _terminateio                              - Undefined Weak Reference
    __Vectors_Size                           0x000000ec   Number         0  startup_stm32f10x_md.o ABSOLUTE
    __Vectors                                0x08000000   Data           4  startup_stm32f10x_md.o(RESET)
    __Vectors_End                            0x080000ec   Data           0  startup_stm32f10x_md.o(RESET)
    __main                                   0x080000ed   Thumb Code     8  __main.o(!!!main)
    __scatterload                            0x080000f5   Thumb Code     0  __scatter.o(!!!scatter)
    __scatterload_rt2                        0x080000f5   Thumb Code    44  __scatter.o(!!!scatter)
    __scatterload_rt2_thumb_only             0x080000f5   Thumb Code     0  __scatter.o(!!!scatter)
    __scatterload_null                       0x08000103   Thumb Code     0  __scatter.o(!!!scatter)
    __scatterload_copy                       0x08000129   Thumb Code    26  __scatter_copy.o(!!handler_copy)
    __scatterload_zeroinit                   0x08000145   Thumb Code    28  __scatter_zi.o(!!handler_zi)
    __rt_lib_init                            0x08000161   Thumb Code     0  libinit.o(.ARM.Collect$$libinit$$00000000)
    __rt_lib_init_alloca_1                   0x08000163   Thumb Code     0  libinit2.o(.ARM.Collect$$libinit$$0000002E)
    __rt_lib_init_argv_1                     0x08000163   Thumb Code     0  libinit2.o(.ARM.Collect$$libinit$$0000002C)
    __rt_lib_init_atexit_1                   0x08000163   Thumb Code     0  libinit2.o(.ARM.Collect$$libinit$$0000001B)
    __rt_lib_init_clock_1                    0x08000163   Thumb Code     0  libinit2.o(.ARM.Collect$$libinit$$00000021)
    __rt_lib_init_cpp_1                      0x08000163   Thumb Code     0  libinit2.o(.ARM.Collect$$libinit$$00000032)
    __rt_lib_init_exceptions_1               0x08000163   Thumb Code     0  libinit2.o(.ARM.Collect$$libinit$$00000030)
    __rt_lib_init_fp_1                       0x08000163   Thumb Code     0  libinit2.o(.ARM.Collect$$libinit$$00000002)
    __rt_lib_init_fp_trap_1                  0x08000163   Thumb Code     0  libinit2.o(.ARM.Collect$$libinit$$0000001F)
    __rt_lib_init_getenv_1                   0x08000163   Thumb Code     0  libinit2.o(.ARM.Collect$$libinit$$00000023)
    __rt_lib_init_heap_1                     0x08000163   Thumb Code     0  libinit2.o(.ARM.Collect$$libinit$$0000000A)
    __rt_lib_init_lc_collate_1               0x08000163   Thumb Code     0  libinit2.o(.ARM.Collect$$libinit$$00000011)
    __rt_lib_init_lc_ctype_1                 0x08000163   Thumb Code     0  libinit2.o(.ARM.Collect$$libinit$$00000013)
    __rt_lib_init_lc_monetary_1              0x08000163   Thumb Code     0  libinit2.o(.ARM.Collect$$libinit$$00000015)
    __rt_lib_init_lc_numeric_1               0x08000163   Thumb Code     0  libinit2.o(.ARM.Collect$$libinit$$00000017)
    __rt_lib_init_lc_time_1                  0x08000163   Thumb Code     0  libinit2.o(.ARM.Collect$$libinit$$00000019)
    __rt_lib_init_preinit_1                  0x08000163   Thumb Code     0  libinit2.o(.ARM.Collect$$libinit$$00000004)
    __rt_lib_init_rand_1                     0x08000163   Thumb Code     0  libinit2.o(.ARM.Collect$$libinit$$0000000E)
    __rt_lib_init_return                     0x08000163   Thumb Code     0  libinit2.o(.ARM.Collect$$libinit$$00000033)
    __rt_lib_init_signal_1                   0x08000163   Thumb Code     0  libinit2.o(.ARM.Collect$$libinit$$0000001D)
    __rt_lib_init_stdio_1                    0x08000163   Thumb Code     0  libinit2.o(.ARM.Collect$$libinit$$00000025)
    __rt_lib_init_user_alloc_1               0x08000163   Thumb Code     0  libinit2.o(.ARM.Collect$$libinit$$0000000C)
    __rt_lib_shutdown                        0x08000165   Thumb Code     0  libshutdown.o(.ARM.Collect$$libshutdown$$00000000)
    __rt_lib_shutdown_cpp_1                  0x08000167   Thumb Code     0  libshutdown2.o(.ARM.Collect$$libshutdown$$00000002)
    __rt_lib_shutdown_fp_trap_1              0x08000167   Thumb Code     0  libshutdown2.o(.ARM.Collect$$libshutdown$$00000007)
    __rt_lib_shutdown_heap_1                 0x08000167   Thumb Code     0  libshutdown2.o(.ARM.Collect$$libshutdown$$0000000F)
    __rt_lib_shutdown_return                 0x08000167   Thumb Code     0  libshutdown2.o(.ARM.Collect$$libshutdown$$00000010)
    __rt_lib_shutdown_signal_1               0x08000167   Thumb Code     0  libshutdown2.o(.ARM.Collect$$libshutdown$$0000000A)
    __rt_lib_shutdown_stdio_1                0x08000167   Thumb Code     0  libshutdown2.o(.ARM.Collect$$libshutdown$$00000004)
    __rt_lib_shutdown_user_alloc_1           0x08000167   Thumb Code     0  libshutdown2.o(.ARM.Collect$$libshutdown$$0000000C)
    __rt_entry                               0x08000169   Thumb Code     0  __rtentry.o(.ARM.Collect$$rtentry$$00000000)
    __rt_entry_presh_1                       0x08000169   Thumb Code     0  __rtentry2.o(.ARM.Collect$$rtentry$$00000002)
    __rt_entry_sh                            0x08000169   Thumb Code     0  __rtentry4.o(.ARM.Collect$$rtentry$$00000004)
    __rt_entry_li                            0x0800016f   Thumb Code     0  __rtentry2.o(.ARM.Collect$$rtentry$$0000000A)
    __rt_entry_postsh_1                      0x0800016f   Thumb Code     0  __rtentry2.o(.ARM.Collect$$rtentry$$00000009)
    __rt_entry_main                          0x08000173   Thumb Code     0  __rtentry2.o(.ARM.Collect$$rtentry$$0000000D)
    __rt_entry_postli_1                      0x08000173   Thumb Code     0  __rtentry2.o(.ARM.Collect$$rtentry$$0000000C)
    __rt_exit                                0x0800017b   Thumb Code     0  rtexit.o(.ARM.Collect$$rtexit$$00000000)
    __rt_exit_ls                             0x0800017d   Thumb Code     0  rtexit2.o(.ARM.Collect$$rtexit$$00000003)
    __rt_exit_prels_1                        0x0800017d   Thumb Code     0  rtexit2.o(.ARM.Collect$$rtexit$$00000002)
    __rt_exit_exit                           0x08000181   Thumb Code     0  rtexit2.o(.ARM.Collect$$rtexit$$00000004)
    Reset_Handler                            0x08000189   Thumb Code     8  startup_stm32f10x_md.o(.text)
    NMI_Handler                              0x08000191   Thumb Code     2  startup_stm32f10x_md.o(.text)
    HardFault_Handler                        0x08000193   Thumb Code     2  startup_stm32f10x_md.o(.text)
    MemManage_Handler                        0x08000195   Thumb Code     2  startup_stm32f10x_md.o(.text)
    BusFault_Handler                         0x08000197   Thumb Code     2  startup_stm32f10x_md.o(.text)
    UsageFault_Handler                       0x08000199   Thumb Code     2  startup_stm32f10x_md.o(.text)
    SVC_Handler                              0x0800019b   Thumb Code     2  startup_stm32f10x_md.o(.text)
    DebugMon_Handler                         0x0800019d   Thumb Code     2  startup_stm32f10x_md.o(.text)
    PendSV_Handler                           0x0800019f   Thumb Code     2  startup_stm32f10x_md.o(.text)
    ADC1_2_IRQHandler                        0x080001a3   Thumb Code     0  startup_stm32f10x_md.o(.text)
    CAN1_RX1_IRQHandler                      0x080001a3   Thumb Code     0  startup_stm32f10x_md.o(.text)
    CAN1_SCE_IRQHandler                      0x080001a3   Thumb Code     0  startup_stm32f10x_md.o(.text)
    DMA1_Channel1_IRQHandler                 0x080001a3   Thumb Code     0  startup_stm32f10x_md.o(.text)
    DMA1_Channel2_IRQHandler                 0x080001a3   Thumb Code     0  startup_stm32f10x_md.o(.text)
    DMA1_Channel3_IRQHandler                 0x080001a3   Thumb Code     0  startup_stm32f10x_md.o(.text)
    DMA1_Channel4_IRQHandler                 0x080001a3   Thumb Code     0  startup_stm32f10x_md.o(.text)
    DMA1_Channel5_IRQHandler                 0x080001a3   Thumb Code     0  startup_stm32f10x_md.o(.text)
    DMA1_Channel6_IRQHandler                 0x080001a3   Thumb Code     0  startup_stm32f10x_md.o(.text)
    DMA1_Channel7_IRQHandler                 0x080001a3   Thumb Code     0  startup_stm32f10x_md.o(.text)
    EXTI15_10_IRQHandler                     0x080001a3   Thumb Code     0  startup_stm32f10x_md.o(.text)
    EXTI1_IRQHandler                         0x080001a3   Thumb Code     0  startup_stm32f10x_md.o(.text)
    EXTI2_IRQHandler                         0x080001a3   Thumb Code     0  startup_stm32f10x_md.o(.text)
    EXTI3_IRQHandler                         0x080001a3   Thumb Code     0  startup_stm32f10x_md.o(.text)
    EXTI4_IRQHandler                         0x080001a3   Thumb Code     0  startup_stm32f10x_md.o(.text)
    EXTI9_5_IRQHandler                       0x080001a3   Thumb Code     0  startup_stm32f10x_md.o(.text)
    FLASH_IRQHandler                         0x080001a3   Thumb Code     0  startup_stm32f10x_md.o(.text)
    I2C1_ER_IRQHandler                       0x080001a3   Thumb Code     0  startup_stm32f10x_md.o(.text)
    I2C1_EV_IRQHandler                       0x080001a3   Thumb Code     0  startup_stm32f10x_md.o(.text)
    I2C2_ER_IRQHandler                       0x080001a3   Thumb Code     0  startup_stm32f10x_md.o(.text)
    I2C2_EV_IRQHandler                       0x080001a3   Thumb Code     0  startup_stm32f10x_md.o(.text)
    PVD_IRQHandler                           0x080001a3   Thumb Code     0  startup_stm32f10x_md.o(.text)
    RCC_IRQHandler                           0x080001a3   Thumb Code     0  startup_stm32f10x_md.o(.text)
    RTCAlarm_IRQHandler                      0x080001a3   Thumb Code     0  startup_stm32f10x_md.o(.text)
    RTC_IRQHandler                           0x080001a3   Thumb Code     0  startup_stm32f10x_md.o(.text)
    SPI1_IRQHandler                          0x080001a3   Thumb Code     0  startup_stm32f10x_md.o(.text)
    SPI2_IRQHandler                          0x080001a3   Thumb Code     0  startup_stm32f10x_md.o(.text)
    TAMPER_IRQHandler                        0x080001a3   Thumb Code     0  startup_stm32f10x_md.o(.text)
    TIM1_BRK_IRQHandler                      0x080001a3   Thumb Code     0  startup_stm32f10x_md.o(.text)
    TIM1_CC_IRQHandler                       0x080001a3   Thumb Code     0  startup_stm32f10x_md.o(.text)
    TIM1_TRG_COM_IRQHandler                  0x080001a3   Thumb Code     0  startup_stm32f10x_md.o(.text)
    USART1_IRQHandler                        0x080001a3   Thumb Code     0  startup_stm32f10x_md.o(.text)
    USART2_IRQHandler                        0x080001a3   Thumb Code     0  startup_stm32f10x_md.o(.text)
    USART3_IRQHandler                        0x080001a3   Thumb Code     0  startup_stm32f10x_md.o(.text)
    USBWakeUp_IRQHandler                     0x080001a3   Thumb Code     0  startup_stm32f10x_md.o(.text)
    USB_HP_CAN1_TX_IRQHandler                0x080001a3   Thumb Code     0  startup_stm32f10x_md.o(.text)
    USB_LP_CAN1_RX0_IRQHandler               0x080001a3   Thumb Code     0  startup_stm32f10x_md.o(.text)
    WWDG_IRQHandler                          0x080001a3   Thumb Code     0  startup_stm32f10x_md.o(.text)
    __user_initial_stackheap                 0x080001a5   Thumb Code     0  startup_stm32f10x_md.o(.text)
    __use_two_region_memory                  0x080001c9   Thumb Code     2  heapauxi.o(.text)
    __rt_heap_escrow$2region                 0x080001cb   Thumb Code     2  heapauxi.o(.text)
    __rt_heap_expand$2region                 0x080001cd   Thumb Code     2  heapauxi.o(.text)
    __user_setup_stackheap                   0x080001cf   Thumb Code    74  sys_stackheap_outer.o(.text)
    exit                                     0x08000219   Thumb Code    18  exit.o(.text)
    __user_libspace                          0x0800022d   Thumb Code     8  libspace.o(.text)
    __user_perproc_libspace                  0x0800022d   Thumb Code     0  libspace.o(.text)
    __user_perthread_libspace                0x0800022d   Thumb Code     0  libspace.o(.text)
    _sys_exit                                0x08000235   Thumb Code     8  sys_exit.o(.text)
    __I$use$semihosting                      0x08000241   Thumb Code     0  use_no_semi.o(.text)
    __use_no_semihosting_swi                 0x08000241   Thumb Code     2  use_no_semi.o(.text)
    __semihosting_library_function           0x08000243   Thumb Code     0  indicate_semi.o(.text)
    EXTI0_Config                             0x08000245   Thumb Code    96  hcsr04.o(.text.EXTI0_Config)
    EXTI0_IRQHandler                         0x080002a5   Thumb Code   108  hcsr04.o(.text.EXTI0_IRQHandler)
    GPIO_Config                              0x08000311   Thumb Code   128  gpio_driver.o(.text.GPIO_Config)
    GPIO_Toggle_Pin                          0x08000391   Thumb Code    14  gpio_driver.o(.text.GPIO_Toggle_Pin)
    GPIO_Write_Pin                           0x080003a1   Thumb Code    28  gpio_driver.o(.text.GPIO_Write_Pin)
    Get_Tick                                 0x080003bd   Thumb Code    12  sysclock.o(.text.Get_Tick)
    HCSR04_Complete_Callback                 0x080003c9   Thumb Code    12  main.o(.text.HCSR04_Complete_Callback)
    HCSR04_Handler                           0x080003d5   Thumb Code    64  hcsr04.o(.text.HCSR04_Handler)
    HCSR04_Init                              0x08000415   Thumb Code    54  hcsr04.o(.text.HCSR04_Init)
    HCSR04_Start                             0x0800044d   Thumb Code    50  hcsr04.o(.text.HCSR04_Start)
    SysClockConfig                           0x08000549   Thumb Code   156  sysclock.o(.text.SysClockConfig)
    SysTick_Handler                          0x08000609   Thumb Code    16  sysclock.o(.text.SysTick_Handler)
    SystemCoreClockUpdate                    0x08000619   Thumb Code   110  system_stm32f10x.o(.text.SystemCoreClockUpdate)
    SystemInit                               0x08000689   Thumb Code    86  system_stm32f10x.o(.text.SystemInit)
    TIM1_UP_IRQHandler                       0x080006e1   Thumb Code    26  timer_driver.o(.text.TIM1_UP_IRQHandler)
    TIM2_Delay_us                            0x080006fd   Thumb Code    44  hcsr04.o(.text.TIM2_Delay_us)
    TIM2_IRQHandler                          0x08000729   Thumb Code    26  timer_driver.o(.text.TIM2_IRQHandler)
    TIM3_IRQHandler                          0x08000745   Thumb Code    26  timer_driver.o(.text.TIM3_IRQHandler)
    TIM4_IRQHandler                          0x08000761   Thumb Code    26  timer_driver.o(.text.TIM4_IRQHandler)
    TIM_Config                               0x0800077d   Thumb Code   156  timer_driver.o(.text.TIM_Config)
    TIM_IRQ_Callback                         0x08000819   Thumb Code    56  main.o(.text.TIM_IRQ_Callback)
    TIM_IT_Config                            0x08000851   Thumb Code   200  timer_driver.o(.text.TIM_IT_Config)
    TIM_PWM_Config                           0x08000919   Thumb Code   232  timer_driver.o(.text.TIM_PWM_Config)
    TIM_PWM_SetDuty                          0x08000a01   Thumb Code    70  timer_driver.o(.text.TIM_PWM_SetDuty)
    main                                     0x08000abd   Thumb Code   156  main.o(.text.main)
    motor_Control                            0x08000b59   Thumb Code    90  motor.o(.text.motor_Control)
    motor_Init                               0x08000bb5   Thumb Code    20  motor.o(.text.motor_Init)
    __aeabi_d2f                              0x08000bc9   Thumb Code     0  d2f.o(x$fpl$d2f)
    _d2f                                     0x08000bc9   Thumb Code    98  d2f.o(x$fpl$d2f)
    __aeabi_ui2d                             0x08000c2b   Thumb Code     0  dflt_clz.o(x$fpl$dfltu)
    _dfltu                                   0x08000c2b   Thumb Code    38  dflt_clz.o(x$fpl$dfltu)
    __aeabi_dmul                             0x08000c51   Thumb Code     0  dmul.o(x$fpl$dmul)
    _dmul                                    0x08000c51   Thumb Code   332  dmul.o(x$fpl$dmul)
    __fpl_dnaninf                            0x08000da5   Thumb Code   156  dnaninf.o(x$fpl$dnaninf)
    __fpl_dretinf                            0x08000e41   Thumb Code    12  dretinf.o(x$fpl$dretinf)
    __fpl_fretinf                            0x08000e4d   Thumb Code    10  fretinf.o(x$fpl$fretinf)
    AHBPrescTable                            0x08000e56   Data          16  system_stm32f10x.o(.rodata.AHBPrescTable)
    __I$use$fp                               0x08000e56   Number         0  usenofp.o(x$fpl$usenofp)
    Region$$Table$$Base                      0x08000e68   Number         0  anon$$obj.o(Region$$Table)
    Region$$Table$$Limit                     0x08000e88   Number         0  anon$$obj.o(Region$$Table)
    SystemCoreClock                          0x20000000   Data           4  system_stm32f10x.o(.data.SystemCoreClock)
    __libspace_start                         0x20000008   Data          96  libspace.o(.bss)
    Tick                                     0x20000068   Data           4  sysclock.o(.bss.Tick)
    __temporary_stack_top$libspace           0x20000068   Data           0  libspace.o(.bss)
    distance                                 0x2000006c   Data           4  main.o(.bss.distance)
    motor01                                  0x20000074   Data          16  main.o(.bss.motor01)



==============================================================================

Memory Map of the image

  Image Entry point : 0x080000ed

  Load Region LR_IROM1 (Base: 0x08000000, Size: 0x00000e90, Max: 0x00010000, ABSOLUTE)

    Execution Region ER_IROM1 (Exec base: 0x08000000, Load base: 0x08000000, Size: 0x00000e88, Max: 0x00010000, ABSOLUTE)

    Exec Addr    Load Addr    Size         Type   Attr      Idx    E Section Name        Object

    0x08000000   0x08000000   0x000000ec   Data   RO          123    RESET               startup_stm32f10x_md.o
    0x080000ec   0x080000ec   0x00000008   Code   RO          152  * !!!main             c_w.l(__main.o)
    0x080000f4   0x080000f4   0x00000034   Code   RO          332    !!!scatter          c_w.l(__scatter.o)
    0x08000128   0x08000128   0x0000001a   Code   RO          334    !!handler_copy      c_w.l(__scatter_copy.o)
    0x08000142   0x08000142   0x00000002   PAD
    0x08000144   0x08000144   0x0000001c   Code   RO          336    !!handler_zi        c_w.l(__scatter_zi.o)
    0x08000160   0x08000160   0x00000002   Code   RO          196    .ARM.Collect$$libinit$$00000000  c_w.l(libinit.o)
    0x08000162   0x08000162   0x00000000   Code   RO          203    .ARM.Collect$$libinit$$00000002  c_w.l(libinit2.o)
    0x08000162   0x08000162   0x00000000   Code   RO          205    .ARM.Collect$$libinit$$00000004  c_w.l(libinit2.o)
    0x08000162   0x08000162   0x00000000   Code   RO          208    .ARM.Collect$$libinit$$0000000A  c_w.l(libinit2.o)
    0x08000162   0x08000162   0x00000000   Code   RO          210    .ARM.Collect$$libinit$$0000000C  c_w.l(libinit2.o)
    0x08000162   0x08000162   0x00000000   Code   RO          212    .ARM.Collect$$libinit$$0000000E  c_w.l(libinit2.o)
    0x08000162   0x08000162   0x00000000   Code   RO          215    .ARM.Collect$$libinit$$00000011  c_w.l(libinit2.o)
    0x08000162   0x08000162   0x00000000   Code   RO          217    .ARM.Collect$$libinit$$00000013  c_w.l(libinit2.o)
    0x08000162   0x08000162   0x00000000   Code   RO          219    .ARM.Collect$$libinit$$00000015  c_w.l(libinit2.o)
    0x08000162   0x08000162   0x00000000   Code   RO          221    .ARM.Collect$$libinit$$00000017  c_w.l(libinit2.o)
    0x08000162   0x08000162   0x00000000   Code   RO          223    .ARM.Collect$$libinit$$00000019  c_w.l(libinit2.o)
    0x08000162   0x08000162   0x00000000   Code   RO          225    .ARM.Collect$$libinit$$0000001B  c_w.l(libinit2.o)
    0x08000162   0x08000162   0x00000000   Code   RO          227    .ARM.Collect$$libinit$$0000001D  c_w.l(libinit2.o)
    0x08000162   0x08000162   0x00000000   Code   RO          229    .ARM.Collect$$libinit$$0000001F  c_w.l(libinit2.o)
    0x08000162   0x08000162   0x00000000   Code   RO          231    .ARM.Collect$$libinit$$00000021  c_w.l(libinit2.o)
    0x08000162   0x08000162   0x00000000   Code   RO          233    .ARM.Collect$$libinit$$00000023  c_w.l(libinit2.o)
    0x08000162   0x08000162   0x00000000   Code   RO          235    .ARM.Collect$$libinit$$00000025  c_w.l(libinit2.o)
    0x08000162   0x08000162   0x00000000   Code   RO          239    .ARM.Collect$$libinit$$0000002C  c_w.l(libinit2.o)
    0x08000162   0x08000162   0x00000000   Code   RO          241    .ARM.Collect$$libinit$$0000002E  c_w.l(libinit2.o)
    0x08000162   0x08000162   0x00000000   Code   RO          243    .ARM.Collect$$libinit$$00000030  c_w.l(libinit2.o)
    0x08000162   0x08000162   0x00000000   Code   RO          245    .ARM.Collect$$libinit$$00000032  c_w.l(libinit2.o)
    0x08000162   0x08000162   0x00000002   Code   RO          246    .ARM.Collect$$libinit$$00000033  c_w.l(libinit2.o)
    0x08000164   0x08000164   0x00000002   Code   RO          268    .ARM.Collect$$libshutdown$$00000000  c_w.l(libshutdown.o)
    0x08000166   0x08000166   0x00000000   Code   RO          283    .ARM.Collect$$libshutdown$$00000002  c_w.l(libshutdown2.o)
    0x08000166   0x08000166   0x00000000   Code   RO          285    .ARM.Collect$$libshutdown$$00000004  c_w.l(libshutdown2.o)
    0x08000166   0x08000166   0x00000000   Code   RO          288    .ARM.Collect$$libshutdown$$00000007  c_w.l(libshutdown2.o)
    0x08000166   0x08000166   0x00000000   Code   RO          291    .ARM.Collect$$libshutdown$$0000000A  c_w.l(libshutdown2.o)
    0x08000166   0x08000166   0x00000000   Code   RO          293    .ARM.Collect$$libshutdown$$0000000C  c_w.l(libshutdown2.o)
    0x08000166   0x08000166   0x00000000   Code   RO          296    .ARM.Collect$$libshutdown$$0000000F  c_w.l(libshutdown2.o)
    0x08000166   0x08000166   0x00000002   Code   RO          297    .ARM.Collect$$libshutdown$$00000010  c_w.l(libshutdown2.o)
    0x08000168   0x08000168   0x00000000   Code   RO          164    .ARM.Collect$$rtentry$$00000000  c_w.l(__rtentry.o)
    0x08000168   0x08000168   0x00000000   Code   RO          173    .ARM.Collect$$rtentry$$00000002  c_w.l(__rtentry2.o)
    0x08000168   0x08000168   0x00000006   Code   RO          185    .ARM.Collect$$rtentry$$00000004  c_w.l(__rtentry4.o)
    0x0800016e   0x0800016e   0x00000000   Code   RO          175    .ARM.Collect$$rtentry$$00000009  c_w.l(__rtentry2.o)
    0x0800016e   0x0800016e   0x00000004   Code   RO          176    .ARM.Collect$$rtentry$$0000000A  c_w.l(__rtentry2.o)
    0x08000172   0x08000172   0x00000000   Code   RO          178    .ARM.Collect$$rtentry$$0000000C  c_w.l(__rtentry2.o)
    0x08000172   0x08000172   0x00000008   Code   RO          179    .ARM.Collect$$rtentry$$0000000D  c_w.l(__rtentry2.o)
    0x0800017a   0x0800017a   0x00000002   Code   RO          200    .ARM.Collect$$rtexit$$00000000  c_w.l(rtexit.o)
    0x0800017c   0x0800017c   0x00000000   Code   RO          248    .ARM.Collect$$rtexit$$00000002  c_w.l(rtexit2.o)
    0x0800017c   0x0800017c   0x00000004   Code   RO          249    .ARM.Collect$$rtexit$$00000003  c_w.l(rtexit2.o)
    0x08000180   0x08000180   0x00000006   Code   RO          250    .ARM.Collect$$rtexit$$00000004  c_w.l(rtexit2.o)
    0x08000186   0x08000186   0x00000002   PAD
    0x08000188   0x08000188   0x00000040   Code   RO          124    .text               startup_stm32f10x_md.o
    0x080001c8   0x080001c8   0x00000006   Code   RO          150    .text               c_w.l(heapauxi.o)
    0x080001ce   0x080001ce   0x0000004a   Code   RO          187    .text               c_w.l(sys_stackheap_outer.o)
    0x08000218   0x08000218   0x00000012   Code   RO          189    .text               c_w.l(exit.o)
    0x0800022a   0x0800022a   0x00000002   PAD
    0x0800022c   0x0800022c   0x00000008   Code   RO          197    .text               c_w.l(libspace.o)
    0x08000234   0x08000234   0x0000000c   Code   RO          258    .text               c_w.l(sys_exit.o)
    0x08000240   0x08000240   0x00000002   Code   RO          273    .text               c_w.l(use_no_semi.o)
    0x08000242   0x08000242   0x00000000   Code   RO          275    .text               c_w.l(indicate_semi.o)
    0x08000242   0x08000242   0x00000002   PAD
    0x08000244   0x08000244   0x00000060   Code   RO           20    .text.EXTI0_Config  hcsr04.o
    0x080002a4   0x080002a4   0x0000006c   Code   RO           28    .text.EXTI0_IRQHandler  hcsr04.o
    0x08000310   0x08000310   0x00000080   Code   RO           66    .text.GPIO_Config   gpio_driver.o
    0x08000390   0x08000390   0x0000000e   Code   RO           72    .text.GPIO_Toggle_Pin  gpio_driver.o
    0x0800039e   0x0800039e   0x00000002   PAD
    0x080003a0   0x080003a0   0x0000001c   Code   RO           68    .text.GPIO_Write_Pin  gpio_driver.o
    0x080003bc   0x080003bc   0x0000000c   Code   RO           51    .text.Get_Tick      sysclock.o
    0x080003c8   0x080003c8   0x0000000c   Code   RO            2    .text.HCSR04_Complete_Callback  main.o
    0x080003d4   0x080003d4   0x00000040   Code   RO           32    .text.HCSR04_Handler  hcsr04.o
    0x08000414   0x08000414   0x00000036   Code   RO           34    .text.HCSR04_Init   hcsr04.o
    0x0800044a   0x0800044a   0x00000002   PAD
    0x0800044c   0x0800044c   0x00000032   Code   RO           30    .text.HCSR04_Start  hcsr04.o
    0x0800047e   0x0800047e   0x00000002   PAD
    0x08000480   0x08000480   0x00000008   Code   RO          133    .text.SetSysClock   system_stm32f10x.o
    0x08000488   0x08000488   0x000000be   Code   RO          137    .text.SetSysClockTo72  system_stm32f10x.o
    0x08000546   0x08000546   0x00000002   PAD
    0x08000548   0x08000548   0x0000009c   Code   RO           45    .text.SysClockConfig  sysclock.o
    0x080005e4   0x080005e4   0x00000024   Code   RO           47    .text.SysTick_Config  sysclock.o
    0x08000608   0x08000608   0x00000010   Code   RO           49    .text.SysTick_Handler  sysclock.o
    0x08000618   0x08000618   0x0000006e   Code   RO          135    .text.SystemCoreClockUpdate  system_stm32f10x.o
    0x08000686   0x08000686   0x00000002   PAD
    0x08000688   0x08000688   0x00000056   Code   RO          131    .text.SystemInit    system_stm32f10x.o
    0x080006de   0x080006de   0x00000002   PAD
    0x080006e0   0x080006e0   0x0000001a   Code   RO           90    .text.TIM1_UP_IRQHandler  timer_driver.o
    0x080006fa   0x080006fa   0x00000002   PAD
    0x080006fc   0x080006fc   0x0000002c   Code   RO           26    .text.TIM2_Delay_us  hcsr04.o
    0x08000728   0x08000728   0x0000001a   Code   RO           92    .text.TIM2_IRQHandler  timer_driver.o
    0x08000742   0x08000742   0x00000002   PAD
    0x08000744   0x08000744   0x0000001a   Code   RO           94    .text.TIM3_IRQHandler  timer_driver.o
    0x0800075e   0x0800075e   0x00000002   PAD
    0x08000760   0x08000760   0x0000001a   Code   RO           96    .text.TIM4_IRQHandler  timer_driver.o
    0x0800077a   0x0800077a   0x00000002   PAD
    0x0800077c   0x0800077c   0x0000009c   Code   RO           82    .text.TIM_Config    timer_driver.o
    0x08000818   0x08000818   0x00000038   Code   RO            4    .text.TIM_IRQ_Callback  main.o
    0x08000850   0x08000850   0x000000c8   Code   RO           84    .text.TIM_IT_Config  timer_driver.o
    0x08000918   0x08000918   0x000000e8   Code   RO           98    .text.TIM_PWM_Config  timer_driver.o
    0x08000a00   0x08000a00   0x00000046   Code   RO          100    .text.TIM_PWM_SetDuty  timer_driver.o
    0x08000a46   0x08000a46   0x00000002   PAD
    0x08000a48   0x08000a48   0x0000000e   Code   RO           24    .text.__NVIC_EnableIRQ  hcsr04.o
    0x08000a56   0x08000a56   0x00000002   PAD
    0x08000a58   0x08000a58   0x00000020   Code   RO           88    .text.__NVIC_EnableIRQ  timer_driver.o
    0x08000a78   0x08000a78   0x0000000e   Code   RO           22    .text.__NVIC_SetPriority  hcsr04.o
    0x08000a86   0x08000a86   0x00000002   PAD
    0x08000a88   0x08000a88   0x0000000e   Code   RO           55    .text.__NVIC_SetPriority  sysclock.o
    0x08000a96   0x08000a96   0x00000002   PAD
    0x08000a98   0x08000a98   0x00000022   Code   RO           86    .text.__NVIC_SetPriority  timer_driver.o
    0x08000aba   0x08000aba   0x00000002   PAD
    0x08000abc   0x08000abc   0x0000009c   Code   RO            6    .text.main          main.o
    0x08000b58   0x08000b58   0x0000005a   Code   RO          110    .text.motor_Control  motor.o
    0x08000bb2   0x08000bb2   0x00000002   PAD
    0x08000bb4   0x08000bb4   0x00000014   Code   RO          112    .text.motor_Init    motor.o
    0x08000bc8   0x08000bc8   0x00000062   Code   RO          154    x$fpl$d2f           fz_ws.l(d2f.o)
    0x08000c2a   0x08000c2a   0x00000026   Code   RO          156    x$fpl$dfltu         fz_ws.l(dflt_clz.o)
    0x08000c50   0x08000c50   0x00000154   Code   RO          162    x$fpl$dmul          fz_ws.l(dmul.o)
    0x08000da4   0x08000da4   0x0000009c   Code   RO          165    x$fpl$dnaninf       fz_ws.l(dnaninf.o)
    0x08000e40   0x08000e40   0x0000000c   Code   RO          167    x$fpl$dretinf       fz_ws.l(dretinf.o)
    0x08000e4c   0x08000e4c   0x0000000a   Code   RO          169    x$fpl$fretinf       fz_ws.l(fretinf.o)
    0x08000e56   0x08000e56   0x00000000   Code   RO          171    x$fpl$usenofp       fz_ws.l(usenofp.o)
    0x08000e56   0x08000e56   0x00000010   Data   RO          140    .rodata.AHBPrescTable  system_stm32f10x.o
    0x08000e66   0x08000e66   0x00000002   PAD
    0x08000e68   0x08000e68   0x00000020   Data   RO          331    Region$$Table       anon$$obj.o


    Execution Region RW_IRAM1 (Exec base: 0x20000000, Load base: 0x08000e88, Size: 0x00000688, Max: 0x00005000, ABSOLUTE)

    Exec Addr    Load Addr    Size         Type   Attr      Idx    E Section Name        Object

    0x20000000   0x08000e88   0x00000004   Data   RW          139    .data.SystemCoreClock  system_stm32f10x.o
    0x20000004   0x08000e8c   0x00000004   PAD
    0x20000008        -       0x00000060   Zero   RW          198    .bss                c_w.l(libspace.o)
    0x20000068        -       0x00000004   Zero   RW           57    .bss.Tick           sysclock.o
    0x2000006c        -       0x00000004   Zero   RW            8    .bss.distance       main.o
    0x20000070        -       0x00000001   Zero   RW           36    .bss.hc04_state     hcsr04.o
    0x20000071   0x08000e8c   0x00000003   PAD
    0x20000074        -       0x00000010   Zero   RW           10    .bss.motor01        main.o
    0x20000084        -       0x00000004   Zero   RW            9    .bss.n              main.o
    0x20000088        -       0x00000200   Zero   RW          122    HEAP                startup_stm32f10x_md.o
    0x20000288        -       0x00000400   Zero   RW          121    STACK               startup_stm32f10x_md.o


==============================================================================

Image component sizes


      Code (inc. data)   RO Data    RW Data    ZI Data      Debug   Object Name

       170          0          0          0          0       2109   gpio_driver.o
       444          0          0          0          1       5535   hcsr04.o
       224          0          0          0         24       2600   main.o
       110          0          0          0          0       2608   motor.o
        64         26        236          0       1536        840   startup_stm32f10x_md.o
       234          0          0          0          4       4288   sysclock.o
       394          0         16          4          0       2826   system_stm32f10x.o
       828          8          0          0          0       6153   timer_driver.o

    ----------------------------------------------------------------------
      2500         34        286          4       1572      26959   Object Totals
         0          0         32          0          0          0   (incl. Generated)
        32          0          2          0          7          0   (incl. Padding)

    ----------------------------------------------------------------------

      Code (inc. data)   RO Data    RW Data    ZI Data      Debug   Library Member Name

         8          0          0          0          0         68   __main.o
         0          0          0          0          0          0   __rtentry.o
        12          0          0          0          0          0   __rtentry2.o
         6          0          0          0          0          0   __rtentry4.o
        52          8          0          0          0          0   __scatter.o
        26          0          0          0          0          0   __scatter_copy.o
        28          0          0          0          0          0   __scatter_zi.o
        18          0          0          0          0         80   exit.o
         6          0          0          0          0        152   heapauxi.o
         0          0          0          0          0          0   indicate_semi.o
         2          0          0          0          0          0   libinit.o
         2          0          0          0          0          0   libinit2.o
         2          0          0          0          0          0   libshutdown.o
         2          0          0          0          0          0   libshutdown2.o
         8          4          0          0         96         68   libspace.o
         2          0          0          0          0          0   rtexit.o
        10          0          0          0          0          0   rtexit2.o
        12          4          0          0          0         68   sys_exit.o
        74          0          0          0          0         80   sys_stackheap_outer.o
         2          0          0          0          0         68   use_no_semi.o
        98          4          0          0          0         92   d2f.o
        38          0          0          0          0         68   dflt_clz.o
       340         12          0          0          0        104   dmul.o
       156          4          0          0          0         92   dnaninf.o
        12          0          0          0          0         68   dretinf.o
        10          0          0          0          0         68   fretinf.o
         0          0          0          0          0          0   usenofp.o

    ----------------------------------------------------------------------
       934         36          0          0         96       1076   Library Totals
         8          0          0          0          0          0   (incl. Padding)

    ----------------------------------------------------------------------

      Code (inc. data)   RO Data    RW Data    ZI Data      Debug   Library Name

       272         16          0          0         96        584   c_w.l
       654         20          0          0          0        492   fz_ws.l

    ----------------------------------------------------------------------
       934         36          0          0         96       1076   Library Totals

    ----------------------------------------------------------------------

==============================================================================


      Code (inc. data)   RO Data    RW Data    ZI Data      Debug   

      3434         70        286          4       1668      27519   Grand Totals
      3434         70        286          4       1668      27519   ELF Image Totals
      3434         70        286          4          0          0   ROM Totals

==============================================================================

    Total RO  Size (Code + RO Data)                 3720 (   3.63kB)
    Total RW  Size (RW Data + ZI Data)              1672 (   1.63kB)
    Total ROM Size (Code + RO Data + RW Data)       3724 (   3.64kB)

==============================================================================

