Component: ARM Compiler 6.14 Tool: armlink [5db06800]

==============================================================================

Section Cross References

    main.o(.text.EXTI0_Config) refers to main.o(.text.__NVIC_SetPriority) for __NVIC_SetPriority
    main.o(.text.EXTI0_Config) refers to main.o(.text.__NVIC_EnableIRQ) for __NVIC_EnableIRQ
    main.o(.ARM.exidx.text.EXTI0_Config) refers to main.o(.text.EXTI0_Config) for [Anonymous Symbol]
    main.o(.ARM.exidx.text.__NVIC_SetPriority) refers to main.o(.text.__NVIC_SetPriority) for [Anonymous Symbol]
    main.o(.ARM.exidx.text.__NVIC_EnableIRQ) refers to main.o(.text.__NVIC_EnableIRQ) for [Anonymous Symbol]
    main.o(.text.EXTI0_IRQHandler) refers to main.o(.bss.hcsr04) for hcsr04
    main.o(.text.EXTI0_IRQHandler) refers to hcsr04.o(.text.EXTI_HCSR04_Callback) for EXTI_HCSR04_Callback
    main.o(.ARM.exidx.text.EXTI0_IRQHandler) refers to main.o(.text.EXTI0_IRQHandler) for [Anonymous Symbol]
    main.o(.text.HCSR04_Complete_Callback) refers to main.o(.bss.hcsr04) for hcsr04
    main.o(.text.HCSR04_Complete_Callback) refers to main.o(.bss.lcd) for lcd
    main.o(.text.HCSR04_Complete_Callback) refers to lcd_i2c.o(.text.lcd_clear_display) for lcd_clear_display
    main.o(.text.HCSR04_Complete_Callback) refers to sysclock.o(.text.Delay_ms) for Delay_ms
    main.o(.text.HCSR04_Complete_Callback) refers to f2d.o(x$fpl$f2d) for __aeabi_f2d
    main.o(.text.HCSR04_Complete_Callback) refers to lcd_i2c.o(.text.lcd_printf) for lcd_printf
    main.o(.text.HCSR04_Complete_Callback) refers to fcmp.o(x$fpl$fcmp) for __aeabi_fcmpge
    main.o(.text.HCSR04_Complete_Callback) refers to main.o(.bss.car_state) for car_state
    main.o(.ARM.exidx.text.HCSR04_Complete_Callback) refers to main.o(.text.HCSR04_Complete_Callback) for [Anonymous Symbol]
    main.o(.text.TIM_IRQ_Callback) refers to main.o(.bss.n) for n
    main.o(.text.TIM_IRQ_Callback) refers to gpio_driver.o(.text.GPIO_Toggle_Pin) for GPIO_Toggle_Pin
    main.o(.ARM.exidx.text.TIM_IRQ_Callback) refers to main.o(.text.TIM_IRQ_Callback) for [Anonymous Symbol]
    main.o(.text.main) refers to sysclock.o(.text.SysClockConfig) for SysClockConfig
    main.o(.text.main) refers to main.o(.bss.hcsr04) for hcsr04
    main.o(.text.main) refers to hcsr04.o(.text.HCSR04_Init) for HCSR04_Init
    main.o(.text.main) refers to timer_driver.o(.text.TIM_Config) for TIM_Config
    main.o(.text.main) refers to main.o(.text.EXTI0_Config) for EXTI0_Config
    main.o(.text.main) refers to gpio_driver.o(.text.GPIO_Config) for GPIO_Config
    main.o(.text.main) refers to i2c_driver.o(.text.I2C_Config) for I2C_Config
    main.o(.text.main) refers to main.o(.bss.lcd) for lcd
    main.o(.text.main) refers to lcd_i2c.o(.text.lcd_init) for lcd_init
    main.o(.text.main) refers to main.o(.bss.right_motor) for right_motor
    main.o(.text.main) refers to motor.o(.text.motor_Init) for motor_Init
    main.o(.text.main) refers to main.o(.bss.left_motor) for left_motor
    main.o(.text.main) refers to timer_driver.o(.text.TIM_PWM_Config) for TIM_PWM_Config
    main.o(.text.main) refers to timer_driver.o(.text.TIM_IT_Config) for TIM_IT_Config
    main.o(.text.main) refers to main.o(.bss.car_state) for car_state
    main.o(.text.main) refers to main.o(.bss.miss_way) for miss_way
    main.o(.text.main) refers to sysclock.o(.text.Get_Tick) for Get_Tick
    main.o(.text.main) refers to hcsr04.o(.text.HCSR04_Start) for HCSR04_Start
    main.o(.text.main) refers to hcsr04.o(.text.HCSR04_Handler) for HCSR04_Handler
    main.o(.text.main) refers to follow_line.o(.text.read_sensor_error) for read_sensor_error
    main.o(.text.main) refers to motor.o(.text.motor_Control) for motor_Control
    main.o(.text.main) refers to follow_line.o(.text.car_following_line_handle) for car_following_line_handle
    main.o(.ARM.exidx.text.main) refers to main.o(.text.main) for [Anonymous Symbol]
    sysclock.o(.text.SysClockConfig) refers to system_stm32f10x.o(.text.SystemInit) for SystemInit
    sysclock.o(.text.SysClockConfig) refers to system_stm32f10x.o(.text.SystemCoreClockUpdate) for SystemCoreClockUpdate
    sysclock.o(.text.SysClockConfig) refers to system_stm32f10x.o(.data.SystemCoreClock) for SystemCoreClock
    sysclock.o(.text.SysClockConfig) refers to sysclock.o(.text.SysTick_Config) for SysTick_Config
    sysclock.o(.ARM.exidx.text.SysClockConfig) refers to sysclock.o(.text.SysClockConfig) for [Anonymous Symbol]
    sysclock.o(.text.SysTick_Config) refers to sysclock.o(.text.__NVIC_SetPriority) for __NVIC_SetPriority
    sysclock.o(.ARM.exidx.text.SysTick_Config) refers to sysclock.o(.text.SysTick_Config) for [Anonymous Symbol]
    sysclock.o(.text.SysTick_Handler) refers to sysclock.o(.bss.Tick) for Tick
    sysclock.o(.ARM.exidx.text.SysTick_Handler) refers to sysclock.o(.text.SysTick_Handler) for [Anonymous Symbol]
    sysclock.o(.text.Get_Tick) refers to sysclock.o(.bss.Tick) for Tick
[...]
    .ARM.Collect$$_printf_percent$$00000007  0x08000184   Section       10  _printf_ll.o(.ARM.Collect$$_printf_percent$$00000007)
    .ARM.Collect$$_printf_percent$$00000008  0x0800018e   Section        6  _printf_i.o(.ARM.Collect$$_printf_percent$$00000008)
    .ARM.Collect$$_printf_percent$$00000009  0x08000194   Section        6  _printf_d.o(.ARM.Collect$$_printf_percent$$00000009)
    .ARM.Collect$$_printf_percent$$0000000A  0x0800019a   Section        6  _printf_u.o(.ARM.Collect$$_printf_percent$$0000000A)
    .ARM.Collect$$_printf_percent$$0000000B  0x080001a0   Section        6  _printf_o.o(.ARM.Collect$$_printf_percent$$0000000B)
    .ARM.Collect$$_printf_percent$$0000000C  0x080001a6   Section        6  _printf_x.o(.ARM.Collect$$_printf_percent$$0000000C)
    .ARM.Collect$$_printf_percent$$0000000D  0x080001ac   Section        6  _printf_lli.o(.ARM.Collect$$_printf_percent$$0000000D)
    .ARM.Collect$$_printf_percent$$0000000E  0x080001b2   Section        6  _printf_lld.o(.ARM.Collect$$_printf_percent$$0000000E)
    .ARM.Collect$$_printf_percent$$0000000F  0x080001b8   Section        6  _printf_llu.o(.ARM.Collect$$_printf_percent$$0000000F)
    .ARM.Collect$$_printf_percent$$00000010  0x080001be   Section        6  _printf_llo.o(.ARM.Collect$$_printf_percent$$00000010)
    .ARM.Collect$$_printf_percent$$00000011  0x080001c4   Section        6  _printf_llx.o(.ARM.Collect$$_printf_percent$$00000011)
    .ARM.Collect$$_printf_percent$$00000012  0x080001ca   Section       10  _printf_l.o(.ARM.Collect$$_printf_percent$$00000012)
    .ARM.Collect$$_printf_percent$$00000013  0x080001d4   Section        6  _printf_c.o(.ARM.Collect$$_printf_percent$$00000013)
    .ARM.Collect$$_printf_percent$$00000014  0x080001da   Section        6  _printf_s.o(.ARM.Collect$$_printf_percent$$00000014)
    .ARM.Collect$$_printf_percent$$00000015  0x080001e0   Section        6  _printf_lc.o(.ARM.Collect$$_printf_percent$$00000015)
    .ARM.Collect$$_printf_percent$$00000016  0x080001e6   Section        6  _printf_ls.o(.ARM.Collect$$_printf_percent$$00000016)
    .ARM.Collect$$_printf_percent$$00000017  0x080001ec   Section        4  _printf_percent_end.o(.ARM.Collect$$_printf_percent$$00000017)
    .ARM.Collect$$libinit$$00000000          0x080001f0   Section        2  libinit.o(.ARM.Collect$$libinit$$00000000)
    .ARM.Collect$$libinit$$00000002          0x080001f2   Section        0  libinit2.o(.ARM.Collect$$libinit$$00000002)
    .ARM.Collect$$libinit$$00000004          0x080001f2   Section        0  libinit2.o(.ARM.Collect$$libinit$$00000004)
    .ARM.Collect$$libinit$$0000000A          0x080001f2   Section        0  libinit2.o(.ARM.Collect$$libinit$$0000000A)
    .ARM.Collect$$libinit$$0000000C          0x080001f2   Section        0  libinit2.o(.ARM.Collect$$libinit$$0000000C)
    .ARM.Collect$$libinit$$0000000E          0x080001f2   Section        0  libinit2.o(.ARM.Collect$$libinit$$0000000E)
    .ARM.Collect$$libinit$$0000000F          0x080001f2   Section        6  libinit2.o(.ARM.Collect$$libinit$$0000000F)
    .ARM.Collect$$libinit$$00000011          0x080001f8   Section        0  libinit2.o(.ARM.Collect$$libinit$$00000011)
    .ARM.Collect$$libinit$$00000012          0x080001f8   Section       12  libinit2.o(.ARM.Collect$$libinit$$00000012)
    .ARM.Collect$$libinit$$00000013          0x08000204   Section        0  libinit2.o(.ARM.Collect$$libinit$$00000013)
    .ARM.Collect$$libinit$$00000015          0x08000204   Section        0  libinit2.o(.ARM.Collect$$libinit$$00000015)
    .ARM.Collect$$libinit$$00000016          0x08000204   Section       10  libinit2.o(.ARM.Collect$$libinit$$00000016)
    .ARM.Collect$$libinit$$00000017          0x0800020e   Section        0  libinit2.o(.ARM.Collect$$libinit$$00000017)
    .ARM.Collect$$libinit$$00000019          0x0800020e   Section        0  libinit2.o(.ARM.Collect$$libinit$$00000019)
    .ARM.Collect$$libinit$$0000001B          0x0800020e   Section        0  libinit2.o(.ARM.Collect$$libinit$$0000001B)
    .ARM.Collect$$libinit$$0000001D          0x0800020e   Section        0  libinit2.o(.ARM.Collect$$libinit$$0000001D)
    .ARM.Collect$$libinit$$0000001F          0x0800020e   Section        0  libinit2.o(.ARM.Collect$$libinit$$0000001F)
    .ARM.Collect$$libinit$$00000021          0x0800020e   Section        0  libinit2.o(.ARM.Collect$$libinit$$00000021)
    .ARM.Collect$$libinit$$00000023          0x0800020e   Section        0  libinit2.o(.ARM.Collect$$libinit$$00000023)
    .ARM.Collect$$libinit$$00000025          0x0800020e   Section        0  libinit2.o(.ARM.Collect$$libinit$$00000025)
    .ARM.Collect$$libinit$$0000002C          0x0800020e   Section        0  libinit2.o(.ARM.Collect$$libinit$$0000002C)
    .ARM.Collect$$libinit$$0000002E          0x0800020e   Section        0  libinit2.o(.ARM.Collect$$libinit$$0000002E)
    .ARM.Collect$$libinit$$00000030          0x0800020e   Section        0  libinit2.o(.ARM.Collect$$libinit$$00000030)
    .ARM.Collect$$libinit$$00000032          0x0800020e   Section        0  libinit2.o(.ARM.Collect$$libinit$$00000032)
    .ARM.Collect$$libinit$$00000033          0x0800020e   Section        2  libinit2.o(.ARM.Collect$$libinit$$00000033)
    .ARM.Collect$$libshutdown$$00000000      0x08000210   Section        2  libshutdown.o(.ARM.Collect$$libshutdown$$00000000)
    .ARM.Collect$$libshutdown$$00000002      0x08000212   Section        0  libshutdown2.o(.ARM.Collect$$libshutdown$$00000002)
    .ARM.Collect$$libshutdown$$00000004      0x08000212   Section        0  libshutdown2.o(.ARM.Collect$$libshutdown$$00000004)
    .ARM.Collect$$libshutdown$$00000007      0x08000212   Section        0  libshutdown2.o(.ARM.Collect$$libshutdown$$00000007)
    .ARM.Collect$$libshutdown$$0000000A      0x08000212   Section        0  libshutdown2.o(.ARM.Collect$$libshutdown$$0000000A)
    .ARM.Collect$$libshutdown$$0000000C      0x08000212   Section        0  libshutdown2.o(.ARM.Collect$$libshutdown$$0000000C)
    .ARM.Collect$$libshutdown$$0000000F      0x08000212   Section        0  libshutdown2.o(.ARM.Collect$$libshutdown$$0000000F)
    .ARM.Collect$$libshutdown$$00000010      0x08000212   Section        2  libshutdown2.o(.ARM.Collect$$libshutdown$$00000010)
    .ARM.Collect$$rtentry$$00000000          0x08000214   Section        0  __rtentry.o(.ARM.Collect$$rtentry$$00000000)
    .ARM.Collect$$rtentry$$00000002          0x08000214   Section        0  __rtentry2.o(.ARM.Collect$$rtentry$$00000002)
    .ARM.Collect$$rtentry$$00000004          0x08000214   Section        6  __rtentry4.o(.ARM.Collect$$rtentry$$00000004)
    .ARM.Collect$$rtentry$$00000009          0x0800021a   Section        0  __rtentry2.o(.ARM.Collect$$rtentry$$00000009)
    .ARM.Collect$$rtentry$$0000000A          0x0800021a   Section        4  __rtentry2.o(.ARM.Collect$$rtentry$$0000000A)
    .ARM.Collect$$rtentry$$0000000C          0x0800021e   Section        0  __rtentry2.o(.ARM.Collect$$rtentry$$0000000C)
    .ARM.Collect$$rtentry$$0000000D          0x0800021e   Section        8  __rtentry2.o(.ARM.Collect$$rtentry$$0000000D)
    .ARM.Collect$$rtexit$$00000000           0x08000226   Section        2  rtexit.o(.ARM.Collect$$rtexit$$00000000)
    .ARM.Collect$$rtexit$$00000002           0x08000228   Section        0  rtexit2.o(.ARM.Collect$$rtexit$$00000002)
    .ARM.Collect$$rtexit$$00000003           0x08000228   Section        4  rtexit2.o(.ARM.Collect$$rtexit$$00000003)
    .ARM.Collect$$rtexit$$00000004           0x0800022c   Section        6  rtexit2.o(.ARM.Collect$$rtexit$$00000004)
    .text                                    0x08000234   Section       64  startup_stm32f10x_md.o(.text)
    .text                                    0x08000274   Section        0  vsprintf.o(.text)
    .text                                    0x08000298   Section        0  strlen.o(.text)
    .text                                    0x080002d6   Section        0  heapauxi.o(.text)
    .text                                    0x080002dc   Section        0  _printf_pad.o(.text)
    .text                                    0x0800032a   Section        0  _printf_truncate.o(.text)
    .text                                    0x0800034e   Section        0  _printf_str.o(.text)
    .text                                    0x080003a0   Section        0  _printf_dec.o(.text)
    .text                                    0x08000418   Section        0  _printf_charcount.o(.text)
    _printf_input_char                       0x08000441   Thumb Code    10  _printf_char_common.o(.text)
    .text                                    0x08000440   Section        0  _printf_char_common.o(.text)
    .text                                    0x08000470   Section        0  _sputc.o(.text)
    .text                                    0x0800047c   Section        0  _printf_wctomb.o(.text)
    .text                                    0x08000538   Section        0  _printf_longlong_dec.o(.text)
    _printf_longlong_oct_internal            0x080005b5   Thumb Code     0  _printf_oct_int_ll.o(.text)
    .text                                    0x080005b4   Section        0  _printf_oct_int_ll.o(.text)
    _printf_hex_common                       0x08000625   Thumb Code     0  _printf_hex_int_ll_ptr.o(.text)
    .text                                    0x08000624   Section        0  _printf_hex_int_ll_ptr.o(.text)
    .text                                    0x080006b8   Section        0  __printf_flags_ss_wp.o(.text)
    .text                                    0x08000840   Section      138  lludiv10.o(.text)
    .text                                    0x080008ca   Section        0  _printf_intcommon.o(.text)
    _fp_digits                               0x0800097d   Thumb Code   432  _printf_fp_dec.o(.text)
    .text                                    0x0800097c   Section        0  _printf_fp_dec.o(.text)
    .text                                    0x08000d98   Section        0  _printf_fp_hex.o(.text)
    .text                                    0x08001094   Section        0  _printf_char.o(.text)
    .text                                    0x080010c0   Section        0  _printf_wchar.o(.text)
    .text                                    0x080010ec   Section        0  _c16rtomb.o(.text)
    .text                                    0x08001134   Section       74  sys_stackheap_outer.o(.text)
    .text                                    0x08001180   Section       16  rt_ctype_table.o(.text)
    .text                                    0x08001190   Section        8  rt_locale_intlibspace.o(.text)
    .text                                    0x08001198   Section        0  _printf_fp_infnan.o(.text)
    .text                                    0x08001218   Section        0  bigflt0.o(.text)
    .text                                    0x080012fc   Section        0  exit.o(.text)
    .text                                    0x08001310   Section        8  libspace.o(.text)
    .text                                    0x08001318   Section      128  strcmpv7m.o(.text)
    .text                                    0x08001398   Section        0  sys_exit.o(.text)
    .text                                    0x080013a4   Section        2  use_no_semi.o(.text)
    .text                                    0x080013a6   Section        0  indicate_semi.o(.text)
    [Anonymous Symbol]                       0x080013a8   Section        0  sysclock.o(.text.Delay_ms)
    [Anonymous Symbol]                       0x080013c0   Section        0  main.o(.text.EXTI0_Config)
    [Anonymous Symbol]                       0x08001420   Section        0  main.o(.text.EXTI0_IRQHandler)
    [Anonymous Symbol]                       0x08001448   Section        0  hcsr04.o(.text.EXTI_HCSR04_Callback)
    [Anonymous Symbol]                       0x08001498   Section        0  gpio_driver.o(.text.GPIO_Config)
    [Anonymous Symbol]                       0x08001518   Section        0  gpio_driver.o(.text.GPIO_Read_Pin)
    [Anonymous Symbol]                       0x08001524   Section        0  gpio_driver.o(.text.GPIO_Toggle_Pin)
    [Anonymous Symbol]                       0x08001534   Section        0  gpio_driver.o(.text.GPIO_Write_Pin)
    [Anonymous Symbol]                       0x08001550   Section        0  sysclock.o(.text.Get_Tick)
    [Anonymous Symbol]                       0x0800155c   Section        0  main.o(.text.HCSR04_Complete_Callback)
    [Anonymous Symbol]                       0x080015b8   Section        0  hcsr04.o(.text.HCSR04_Handler)
    [Anonymous Symbol]                       0x080015f4   Section        0  hcsr04.o(.text.HCSR04_Init)
    [Anonymous Symbol]                       0x0800160c   Section        0  hcsr04.o(.text.HCSR04_Start)
    [Anonymous Symbol]                       0x08001634   Section        0  i2c_driver.o(.text.I2C_Address)
    [Anonymous Symbol]                       0x08001658   Section        0  i2c_driver.o(.text.I2C_Config)
    [Anonymous Symbol]                       0x080016bc   Section        0  i2c_driver.o(.text.I2C_Start)
    [Anonymous Symbol]                       0x080016cc   Section        0  i2c_driver.o(.text.I2C_Stop)
    [Anonymous Symbol]                       0x080016d8   Section        0  i2c_driver.o(.text.I2C_WriteStr)
    [Anonymous Symbol]                       0x08001720   Section        0  follow_line.o(.text.PID_value_calculate)
    SetSysClock                              0x08001741   Thumb Code     8  system_stm32f10x.o(.text.SetSysClock)
    [Anonymous Symbol]                       0x08001740   Section        0  system_stm32f10x.o(.text.SetSysClock)
    SetSysClockTo72                          0x08001749   Thumb Code   190  system_stm32f10x.o(.text.SetSysClockTo72)
    [Anonymous Symbol]                       0x08001748   Section        0  system_stm32f10x.o(.text.SetSysClockTo72)
    [Anonymous Symbol]                       0x08001808   Section        0  sysclock.o(.text.SysClockConfig)
    SysTick_Config                           0x080018a5   Thumb Code    36  sysclock.o(.text.SysTick_Config)
    [Anonymous Symbol]                       0x080018a4   Section        0  sysclock.o(.text.SysTick_Config)
    [Anonymous Symbol]                       0x080018c8   Section        0  sysclock.o(.text.SysTick_Handler)
    [Anonymous Symbol]                       0x080018d8   Section        0  system_stm32f10x.o(.text.SystemCoreClockUpdate)
    [Anonymous Symbol]                       0x08001948   Section        0  system_stm32f10x.o(.text.SystemInit)
    [Anonymous Symbol]                       0x080019a0   Section        0  timer_driver.o(.text.TIM1_UP_IRQHandler)
    [Anonymous Symbol]                       0x080019bc   Section        0  timer_driver.o(.text.TIM2_IRQHandler)
    [Anonymous Symbol]                       0x080019d8   Section        0  timer_driver.o(.text.TIM3_IRQHandler)
    [Anonymous Symbol]                       0x080019f4   Section        0  timer_driver.o(.text.TIM4_IRQHandler)
    [Anonymous Symbol]                       0x08001a10   Section        0  timer_driver.o(.text.TIM_Config)
    [Anonymous Symbol]                       0x08001aac   Section        0  hcsr04.o(.text.TIM_Delay_us)
    [Anonymous Symbol]                       0x08001acc   Section        0  main.o(.text.TIM_IRQ_Callback)
    [Anonymous Symbol]                       0x08001b04   Section        0  timer_driver.o(.text.TIM_IT_Config)
    [Anonymous Symbol]                       0x08001bcc   Section        0  timer_driver.o(.text.TIM_PWM_Config)
    [Anonymous Symbol]                       0x08001cc8   Section        0  timer_driver.o(.text.TIM_PWM_SetDuty)
    __NVIC_EnableIRQ                         0x08001d09   Thumb Code    14  main.o(.text.__NVIC_EnableIRQ)
    [Anonymous Symbol]                       0x08001d08   Section        0  main.o(.text.__NVIC_EnableIRQ)
    __NVIC_EnableIRQ                         0x08001d19   Thumb Code    32  timer_driver.o(.text.__NVIC_EnableIRQ)
    [Anonymous Symbol]                       0x08001d18   Section        0  timer_driver.o(.text.__NVIC_EnableIRQ)
    __NVIC_SetPriority                       0x08001d39   Thumb Code    14  main.o(.text.__NVIC_SetPriority)
    [Anonymous Symbol]                       0x08001d38   Section        0  main.o(.text.__NVIC_SetPriority)
    __NVIC_SetPriority                       0x08001d49   Thumb Code    14  sysclock.o(.text.__NVIC_SetPriority)
    [Anonymous Symbol]                       0x08001d48   Section        0  sysclock.o(.text.__NVIC_SetPriority)
    __NVIC_SetPriority                       0x08001d59   Thumb Code    34  timer_driver.o(.text.__NVIC_SetPriority)
    [Anonymous Symbol]                       0x08001d58   Section        0  timer_driver.o(.text.__NVIC_SetPriority)
    [Anonymous Symbol]                       0x08001d7c   Section        0  follow_line.o(.text.car_following_line_handle)
    [Anonymous Symbol]                       0x08001dd4   Section        0  lcd_i2c.o(.text.lcd_clear_display)
    [Anonymous Symbol]                       0x08001de4   Section        0  lcd_i2c.o(.text.lcd_init)
    [Anonymous Symbol]                       0x08001e4c   Section        0  lcd_i2c.o(.text.lcd_printf)
    lcd_send_cmd                             0x08001e95   Thumb Code    58  lcd_i2c.o(.text.lcd_send_cmd)
    [Anonymous Symbol]                       0x08001e94   Section        0  lcd_i2c.o(.text.lcd_send_cmd)
    lcd_send_data                            0x08001ed1   Thumb Code    58  lcd_i2c.o(.text.lcd_send_data)
    [Anonymous Symbol]                       0x08001ed0   Section        0  lcd_i2c.o(.text.lcd_send_data)
    [Anonymous Symbol]                       0x08001f0c   Section        0  lcd_i2c.o(.text.lcd_set_cursor_blink_off)
    [Anonymous Symbol]                       0x08001f2c   Section        0  main.o(.text.main)
    [Anonymous Symbol]                       0x08002118   Section        0  motor.o(.text.motor_Control)
    [Anonymous Symbol]                       0x08002174   Section        0  motor.o(.text.motor_Init)
    [Anonymous Symbol]                       0x08002188   Section        0  follow_line.o(.text.read_sensor_error)
    CL$$btod_d2e                             0x080022e6   Section       62  btod.o(CL$$btod_d2e)
    CL$$btod_d2e_denorm_low                  0x08002324   Section       70  btod.o(CL$$btod_d2e_denorm_low)
    CL$$btod_d2e_norm_op1                    0x0800236a   Section       96  btod.o(CL$$btod_d2e_norm_op1)
    CL$$btod_div_common                      0x080023ca   Section      824  btod.o(CL$$btod_div_common)
    CL$$btod_e2e                             0x08002702   Section      220  btod.o(CL$$btod_e2e)
    CL$$btod_ediv                            0x080027de   Section       42  btod.o(CL$$btod_ediv)
    CL$$btod_emul                            0x08002808   Section       42  btod.o(CL$$btod_emul)
    CL$$btod_mult_common                     0x08002832   Section      580  btod.o(CL$$btod_mult_common)
    i.__ARM_fpclassify                       0x08002a76   Section        0  fpclassify.o(i.__ARM_fpclassify)
    i._is_digit                              0x08002a9e   Section        0  __printf_wp.o(i._is_digit)
    locale$$code                             0x08002aac   Section       44  lc_numeric_c.o(locale$$code)
    locale$$code                             0x08002ad8   Section       44  lc_ctype_c.o(locale$$code)
    x$fpl$d2f                                0x08002b04   Section       98  d2f.o(x$fpl$d2f)
    x$fpl$dfltu                              0x08002b66   Section       38  dflt_clz.o(x$fpl$dfltu)
    x$fpl$dmul                               0x08002b8c   Section      340  dmul.o(x$fpl$dmul)
    x$fpl$dnaninf                            0x08002ce0   Section      156  dnaninf.o(x$fpl$dnaninf)
    x$fpl$dretinf                            0x08002d7c   Section       12  dretinf.o(x$fpl$dretinf)
    x$fpl$f2d                                0x08002d88   Section       86  f2d.o(x$fpl$f2d)
    x$fpl$fcmp                               0x08002dde   Section       84  fcmp.o(x$fpl$fcmp)
    x$fpl$fcmpinf                            0x08002e32   Section       24  fcmpi.o(x$fpl$fcmpinf)
    x$fpl$feqf                               0x08002e4c   Section      104  feqf.o(x$fpl$feqf)
    x$fpl$fgeqf                              0x08002eb4   Section      104  fgeqf.o(x$fpl$fgeqf)
    x$fpl$fleqf                              0x08002f1c   Section      104  fleqf.o(x$fpl$fleqf)
    x$fpl$fnaninf                            0x08002f84   Section      140  fnaninf.o(x$fpl$fnaninf)
    x$fpl$fretinf                            0x08003010   Section       10  fretinf.o(x$fpl$fretinf)
    x$fpl$printf1                            0x0800301a   Section        4  printf1.o(x$fpl$printf1)
    x$fpl$printf2                            0x0800301e   Section        4  printf2.o(x$fpl$printf2)
    x$fpl$usenofp                            0x08003022   Section        0  usenofp.o(x$fpl$usenofp)
    initial_mbstate                          0x08003024   Data           8  _printf_wctomb.o(.constdata)
    .constdata                               0x08003024   Section        8  _printf_wctomb.o(.constdata)
    uc_hextab                                0x0800302c   Data          20  _printf_hex_int_ll_ptr.o(.constdata)
    .constdata                               0x0800302c   Section       40  _printf_hex_int_ll_ptr.o(.constdata)
    lc_hextab                                0x08003040   Data          20  _printf_hex_int_ll_ptr.o(.constdata)
    maptable                                 0x08003054   Data          17  __printf_flags_ss_wp.o(.constdata)
    .constdata                               0x08003054   Section       17  __printf_flags_ss_wp.o(.constdata)
    lc_hextab                                0x08003065   Data          19  _printf_fp_hex.o(.constdata)
    .constdata                               0x08003065   Section       38  _printf_fp_hex.o(.constdata)
    uc_hextab                                0x08003078   Data          19  _printf_fp_hex.o(.constdata)
    tenpwrs_x                                0x0800308c   Data          60  bigflt0.o(.constdata)
    .constdata                               0x0800308c   Section      148  bigflt0.o(.constdata)
    tenpwrs_i                                0x080030c8   Data          64  bigflt0.o(.constdata)
    locale$$data                             0x08003150   Section       28  lc_numeric_c.o(locale$$data)
    __lcnum_c_name                           0x08003154   Data           2  lc_numeric_c.o(locale$$data)
    __lcnum_c_start                          0x0800315c   Data           0  lc_numeric_c.o(locale$$data)
    __lcnum_c_point                          0x08003168   Data           0  lc_numeric_c.o(locale$$data)
    __lcnum_c_thousands                      0x0800316a   Data           0  lc_numeric_c.o(locale$$data)
    __lcnum_c_grouping                       0x0800316b   Data           0  lc_numeric_c.o(locale$$data)
    __lcnum_c_end                            0x0800316c   Data           0  lc_numeric_c.o(locale$$data)
    locale$$data                             0x0800316c   Section      272  lc_ctype_c.o(locale$$data)
    __lcctype_c_name                         0x08003170   Data           2  lc_ctype_c.o(locale$$data)
    __lcctype_c_start                        0x08003178   Data           0  lc_ctype_c.o(locale$$data)
    __lcctype_c_end                          0x0800327c   Data           0  lc_ctype_c.o(locale$$data)
    .bss                                     0x20000008   Section       96  libspace.o(.bss)
    DisplayControl                           0x20000068   Data           1  lcd_i2c.o(.bss.DisplayControl)
    [Anonymous Symbol]                       0x20000068   Section        0  lcd_i2c.o(.bss.DisplayControl)
    I                                        0x2000006a   Data           2  follow_line.o(.bss.I)
    [Anonymous Symbol]                       0x2000006a   Section        0  follow_line.o(.bss.I)
    Pre_error                                0x2000006c   Data           1  follow_line.o(.bss.Pre_error)
    [Anonymous Symbol]                       0x2000006c   Section        0  follow_line.o(.bss.Pre_error)
    car_state                                0x20000074   Data           1  main.o(.bss.car_state)
    [Anonymous Symbol]                       0x20000074   Section        0  main.o(.bss.car_state)
    hcsr04                                   0x20000078   Data          20  main.o(.bss.hcsr04)
    [Anonymous Symbol]                       0x20000078   Section        0  main.o(.bss.hcsr04)
    lcd                                      0x2000008c   Data           8  main.o(.bss.lcd)
    [Anonymous Symbol]                       0x2000008c   Section        0  main.o(.bss.lcd)
    n                                        0x200000a8   Data           4  main.o(.bss.n)
    [Anonymous Symbol]                       0x200000a8   Section        0  main.o(.bss.n)
    Heap_Mem                                 0x200000c0   Data         512  startup_stm32f10x_md.o(HEAP)
    HEAP                                     0x200000c0   Section      512  startup_stm32f10x_md.o(HEAP)
    Stack_Mem                                0x200002c0   Data        1024  startup_stm32f10x_md.o(STACK)
    STACK                                    0x200002c0   Section     1024  startup_stm32f10x_md.o(STACK)
    __initial_sp                             0x200006c0   Data           0  startup_stm32f10x_md.o(STACK)

    Global Symbols

    Symbol Name                              Value     Ov Type        Size  Object(Section)

    BuildAttributes$$THM_ISAv4$P$D$K$B$S$PE$A:L22UL41UL21$X:L11$S22US41US21$IEEE1$IW$~IW$USESV6$~STKCKD$USESV7$~SHL$OTIME$ROPI$IEEEJ$EBA8$UX$STANDARDLIB$REQ8$PRES8$EABIv2 0x00000000   Number         0  anon$$obj.o ABSOLUTE
    __fp_init_empty                          0x00000000   Number         0  fpinit_empty.o ABSOLUTE
    _printf_flags                            0x00000000   Number         0  printf_stubs.o ABSOLUTE
    _printf_return_value                     0x00000000   Number         0  printf_stubs.o ABSOLUTE
    _printf_sizespec                         0x00000000   Number         0  printf_stubs.o ABSOLUTE
    _printf_widthprec                        0x00000000   Number         0  printf_stubs.o ABSOLUTE
    __ARM_exceptions_init                     - Undefined Weak Reference
    __alloca_initialize                       - Undefined Weak Reference
    __arm_preinit_                            - Undefined Weak Reference
    __cpp_initialize__aeabi_                  - Undefined Weak Reference
    __cxa_finalize                            - Undefined Weak Reference
    __sigvec_lookup                           - Undefined Weak Reference
    _atexit_init                              - Undefined Weak Reference
    _call_atexit_fns                          - Undefined Weak Reference
    _clock_init                               - Undefined Weak Reference
    _fp_trap_init                             - Undefined Weak Reference
    _fp_trap_shutdown                         - Undefined Weak Reference
    _get_lc_collate                           - Undefined Weak Reference
    _get_lc_monetary                          - Undefined Weak Reference
    _get_lc_time                              - Undefined Weak Reference
    _getenv_init                              - Undefined Weak Reference
    _handle_redirection                       - Undefined Weak Reference
    _init_alloc                               - Undefined Weak Reference
    _init_user_alloc                          - Undefined Weak Reference
    _initio                                   - Undefined Weak Reference
    _printf_mbtowc                            - Undefined Weak Reference
    _printf_wc                                - Undefined Weak Reference
    _rand_init                                - Undefined Weak Reference
    _signal_finish                            - Undefined Weak Reference
    _signal_init                              - Undefined Weak Reference
    _terminate_alloc                          - Undefined Weak Reference
    _terminate_user_alloc                     - Undefined Weak Reference
    _terminateio                              - Undefined Weak Reference
    __Vectors_Size                           0x000000ec   Number         0  startup_stm32f10x_md.o ABSOLUTE
    __Vectors                                0x08000000   Data           4  startup_stm32f10x_md.o(RESET)
    __Vectors_End                            0x080000ec   Data           0  startup_stm32f10x_md.o(RESET)
    __main                                   0x080000ed   Thumb Code     8  __main.o(!!!main)
    __scatterload                            0x080000f5   Thumb Code     0  __scatter.o(!!!scatter)
    __scatterload_rt2                        0x080000f5   Thumb Code    44  __scatter.o(!!!scatter)
    __scatterload_rt2_thumb_only             0x080000f5   Thumb Code     0  __scatter.o(!!!scatter)
    __scatterload_null                       0x08000103   Thumb Code     0  __scatter.o(!!!scatter)
    __scatterload_copy                       0x08000129   Thumb Code    26  __scatter_copy.o(!!handler_copy)
    __scatterload_zeroinit                   0x08000145   Thumb Code    28  __scatter_zi.o(!!handler_zi)
    _printf_n                                0x08000161   Thumb Code     0  _printf_n.o(.ARM.Collect$$_printf_percent$$00000001)
    _printf_percent                          0x08000161   Thumb Code     0  _printf_percent.o(.ARM.Collect$$_printf_percent$$00000000)
    _printf_p                                0x08000167   Thumb Code     0  _printf_p.o(.ARM.Collect$$_printf_percent$$00000002)
    _printf_f                                0x0800016d   Thumb Code     0  _printf_f.o(.ARM.Collect$$_printf_percent$$00000003)
    _printf_e                                0x08000173   Thumb Code     0  _printf_e.o(.ARM.Collect$$_printf_percent$$00000004)
    _printf_g                                0x08000179   Thumb Code     0  _printf_g.o(.ARM.Collect$$_printf_percent$$00000005)
    _printf_a                                0x0800017f   Thumb Code     0  _printf_a.o(.ARM.Collect$$_printf_percent$$00000006)
    _printf_ll                               0x08000185   Thumb Code     0  _printf_ll.o(.ARM.Collect$$_printf_percent$$00000007)
    _printf_i                                0x0800018f   Thumb Code     0  _printf_i.o(.ARM.Collect$$_printf_percent$$00000008)
    _printf_d                                0x08000195   Thumb Code     0  _printf_d.o(.ARM.Collect$$_printf_percent$$00000009)
    _printf_u                                0x0800019b   Thumb Code     0  _printf_u.o(.ARM.Collect$$_printf_percent$$0000000A)
    _printf_o                                0x080001a1   Thumb Code     0  _printf_o.o(.ARM.Collect$$_printf_percent$$0000000B)
    _printf_x                                0x080001a7   Thumb Code     0  _printf_x.o(.ARM.Collect$$_printf_percent$$0000000C)
    _printf_lli                              0x080001ad   Thumb Code     0  _printf_lli.o(.ARM.Collect$$_printf_percent$$0000000D)
    _printf_lld                              0x080001b3   Thumb Code     0  _printf_lld.o(.ARM.Collect$$_printf_percent$$0000000E)
    _printf_llu                              0x080001b9   Thumb Code     0  _printf_llu.o(.ARM.Collect$$_printf_percent$$0000000F)
    _printf_llo                              0x080001bf   Thumb Code     0  _printf_llo.o(.ARM.Collect$$_printf_percent$$00000010)
    _printf_llx                              0x080001c5   Thumb Code     0  _printf_llx.o(.ARM.Collect$$_printf_percent$$00000011)
    _printf_l                                0x080001cb   Thumb Code     0  _printf_l.o(.ARM.Collect$$_printf_percent$$00000012)
    _printf_c                                0x080001d5   Thumb Code     0  _printf_c.o(.ARM.Collect$$_printf_percent$$00000013)
    _printf_s                                0x080001db   Thumb Code     0  _printf_s.o(.ARM.Collect$$_printf_percent$$00000014)
    _printf_lc                               0x080001e1   Thumb Code     0  _printf_lc.o(.ARM.Collect$$_printf_percent$$00000015)
    _printf_ls                               0x080001e7   Thumb Code     0  _printf_ls.o(.ARM.Collect$$_printf_percent$$00000016)
    _printf_percent_end                      0x080001ed   Thumb Code     0  _printf_percent_end.o(.ARM.Collect$$_printf_percent$$00000017)
    __rt_lib_init                            0x080001f1   Thumb Code     0  libinit.o(.ARM.Collect$$libinit$$00000000)
    __rt_lib_init_fp_1                       0x080001f3   Thumb Code     0  libinit2.o(.ARM.Collect$$libinit$$00000002)
    __rt_lib_init_heap_1                     0x080001f3   Thumb Code     0  libinit2.o(.ARM.Collect$$libinit$$0000000A)
    __rt_lib_init_lc_common                  0x080001f3   Thumb Code     0  libinit2.o(.ARM.Collect$$libinit$$0000000F)
    __rt_lib_init_preinit_1                  0x080001f3   Thumb Code     0  libinit2.o(.ARM.Collect$$libinit$$00000004)
    __rt_lib_init_rand_1                     0x080001f3   Thumb Code     0  libinit2.o(.ARM.Collect$$libinit$$0000000E)
    __rt_lib_init_user_alloc_1               0x080001f3   Thumb Code     0  libinit2.o(.ARM.Collect$$libinit$$0000000C)
    __rt_lib_init_lc_collate_1               0x080001f9   Thumb Code     0  libinit2.o(.ARM.Collect$$libinit$$00000011)
    __rt_lib_init_lc_ctype_2                 0x080001f9   Thumb Code     0  libinit2.o(.ARM.Collect$$libinit$$00000012)
    __rt_lib_init_lc_ctype_1                 0x08000205   Thumb Code     0  libinit2.o(.ARM.Collect$$libinit$$00000013)
    __rt_lib_init_lc_monetary_1              0x08000205   Thumb Code     0  libinit2.o(.ARM.Collect$$libinit$$00000015)
    __rt_lib_init_lc_numeric_2               0x08000205   Thumb Code     0  libinit2.o(.ARM.Collect$$libinit$$00000016)
    __rt_lib_init_alloca_1                   0x0800020f   Thumb Code     0  libinit2.o(.ARM.Collect$$libinit$$0000002E)
    __rt_lib_init_argv_1                     0x0800020f   Thumb Code     0  libinit2.o(.ARM.Collect$$libinit$$0000002C)
    __rt_lib_init_atexit_1                   0x0800020f   Thumb Code     0  libinit2.o(.ARM.Collect$$libinit$$0000001B)
    __rt_lib_init_clock_1                    0x0800020f   Thumb Code     0  libinit2.o(.ARM.Collect$$libinit$$00000021)
    __rt_lib_init_cpp_1                      0x0800020f   Thumb Code     0  libinit2.o(.ARM.Collect$$libinit$$00000032)
    __rt_lib_init_exceptions_1               0x0800020f   Thumb Code     0  libinit2.o(.ARM.Collect$$libinit$$00000030)
    __rt_lib_init_fp_trap_1                  0x0800020f   Thumb Code     0  libinit2.o(.ARM.Collect$$libinit$$0000001F)
    __rt_lib_init_getenv_1                   0x0800020f   Thumb Code     0  libinit2.o(.ARM.Collect$$libinit$$00000023)
    __rt_lib_init_lc_numeric_1               0x0800020f   Thumb Code     0  libinit2.o(.ARM.Collect$$libinit$$00000017)
    __rt_lib_init_lc_time_1                  0x0800020f   Thumb Code     0  libinit2.o(.ARM.Collect$$libinit$$00000019)
    __rt_lib_init_return                     0x0800020f   Thumb Code     0  libinit2.o(.ARM.Collect$$libinit$$00000033)
    __rt_lib_init_signal_1                   0x0800020f   Thumb Code     0  libinit2.o(.ARM.Collect$$libinit$$0000001D)
    __rt_lib_init_stdio_1                    0x0800020f   Thumb Code     0  libinit2.o(.ARM.Collect$$libinit$$00000025)
    __rt_lib_shutdown                        0x08000211   Thumb Code     0  libshutdown.o(.ARM.Collect$$libshutdown$$00000000)
    __rt_lib_shutdown_cpp_1                  0x08000213   Thumb Code     0  libshutdown2.o(.ARM.Collect$$libshutdown$$00000002)
    __rt_lib_shutdown_fp_trap_1              0x08000213   Thumb Code     0  libshutdown2.o(.ARM.Collect$$libshutdown$$00000007)
    __rt_lib_shutdown_heap_1                 0x08000213   Thumb Code     0  libshutdown2.o(.ARM.Collect$$libshutdown$$0000000F)
    __rt_lib_shutdown_return                 0x08000213   Thumb Code     0  libshutdown2.o(.ARM.Collect$$libshutdown$$00000010)
    __rt_lib_shutdown_signal_1               0x08000213   Thumb Code     0  libshutdown2.o(.ARM.Collect$$libshutdown$$0000000A)
    __rt_lib_shutdown_stdio_1                0x08000213   Thumb Code     0  libshutdown2.o(.ARM.Collect$$libshutdown$$00000004)
    __rt_lib_shutdown_user_alloc_1           0x08000213   Thumb Code     0  libshutdown2.o(.ARM.Collect$$libshutdown$$0000000C)
    __rt_entry                               0x08000215   Thumb Code     0  __rtentry.o(.ARM.Collect$$rtentry$$00000000)
    __rt_entry_presh_1                       0x08000215   Thumb Code     0  __rtentry2.o(.ARM.Collect$$rtentry$$00000002)
    __rt_entry_sh                            0x08000215   Thumb Code     0  __rtentry4.o(.ARM.Collect$$rtentry$$00000004)
    __rt_entry_li                            0x0800021b   Thumb Code     0  __rtentry2.o(.ARM.Collect$$rtentry$$0000000A)
    __rt_entry_postsh_1                      0x0800021b   Thumb Code     0  __rtentry2.o(.ARM.Collect$$rtentry$$00000009)
    __rt_entry_main                          0x0800021f   Thumb Code     0  __rtentry2.o(.ARM.Collect$$rtentry$$0000000D)
    __rt_entry_postli_1                      0x0800021f   Thumb Code     0  __rtentry2.o(.ARM.Collect$$rtentry$$0000000C)
    __rt_exit                                0x08000227   Thumb Code     0  rtexit.o(.ARM.Collect$$rtexit$$00000000)
    __rt_exit_ls                             0x08000229   Thumb Code     0  rtexit2.o(.ARM.Collect$$rtexit$$00000003)
    __rt_exit_prels_1                        0x08000229   Thumb Code     0  rtexit2.o(.ARM.Collect$$rtexit$$00000002)
    __rt_exit_exit                           0x0800022d   Thumb Code     0  rtexit2.o(.ARM.Collect$$rtexit$$00000004)
    Reset_Handler                            0x08000235   Thumb Code     8  startup_stm32f10x_md.o(.text)
    NMI_Handler                              0x0800023d   Thumb Code     2  startup_stm32f10x_md.o(.text)
    HardFault_Handler                        0x0800023f   Thumb Code     2  startup_stm32f10x_md.o(.text)
    MemManage_Handler                        0x08000241   Thumb Code     2  startup_stm32f10x_md.o(.text)
    BusFault_Handler                         0x08000243   Thumb Code     2  startup_stm32f10x_md.o(.text)
    UsageFault_Handler                       0x08000245   Thumb Code     2  startup_stm32f10x_md.o(.text)
    SVC_Handler                              0x08000247   Thumb Code     2  startup_stm32f10x_md.o(.text)
    DebugMon_Handler                         0x08000249   Thumb Code     2  startup_stm32f10x_md.o(.text)
    PendSV_Handler                           0x0800024b   Thumb Code     2  startup_stm32f10x_md.o(.text)
    ADC1_2_IRQHandler                        0x0800024f   Thumb Code     0  startup_stm32f10x_md.o(.text)
    CAN1_RX1_IRQHandler                      0x0800024f   Thumb Code     0  startup_stm32f10x_md.o(.text)
    CAN1_SCE_IRQHandler                      0x0800024f   Thumb Code     0  startup_stm32f10x_md.o(.text)
    DMA1_Channel1_IRQHandler                 0x0800024f   Thumb Code     0  startup_stm32f10x_md.o(.text)
    DMA1_Channel2_IRQHandler                 0x0800024f   Thumb Code     0  startup_stm32f10x_md.o(.text)
    DMA1_Channel3_IRQHandler                 0x0800024f   Thumb Code     0  startup_stm32f10x_md.o(.text)
    DMA1_Channel4_IRQHandler                 0x0800024f   Thumb Code     0  startup_stm32f10x_md.o(.text)
    DMA1_Channel5_IRQHandler                 0x0800024f   Thumb Code     0  startup_stm32f10x_md.o(.text)
    DMA1_Channel6_IRQHandler                 0x0800024f   Thumb Code     0  startup_stm32f10x_md.o(.text)
    DMA1_Channel7_IRQHandler                 0x0800024f   Thumb Code     0  startup_stm32f10x_md.o(.text)
    EXTI15_10_IRQHandler                     0x0800024f   Thumb Code     0  startup_stm32f10x_md.o(.text)
    EXTI1_IRQHandler                         0x0800024f   Thumb Code     0  startup_stm32f10x_md.o(.text)
    EXTI2_IRQHandler                         0x0800024f   Thumb Code     0  startup_stm32f10x_md.o(.text)
    EXTI3_IRQHandler                         0x0800024f   Thumb Code     0  startup_stm32f10x_md.o(.text)
    EXTI4_IRQHandler                         0x0800024f   Thumb Code     0  startup_stm32f10x_md.o(.text)
    EXTI9_5_IRQHandler                       0x0800024f   Thumb Code     0  startup_stm32f10x_md.o(.text)
    FLASH_IRQHandler                         0x0800024f   Thumb Code     0  startup_stm32f10x_md.o(.text)
    I2C1_ER_IRQHandler                       0x0800024f   Thumb Code     0  startup_stm32f10x_md.o(.text)
    I2C1_EV_IRQHandler                       0x0800024f   Thumb Code     0  startup_stm32f10x_md.o(.text)
    I2C2_ER_IRQHandler                       0x0800024f   Thumb Code     0  startup_stm32f10x_md.o(.text)
    I2C2_EV_IRQHandler                       0x0800024f   Thumb Code     0  startup_stm32f10x_md.o(.text)
    PVD_IRQHandler                           0x0800024f   Thumb Code     0  startup_stm32f10x_md.o(.text)
    RCC_IRQHandler                           0x0800024f   Thumb Code     0  startup_stm32f10x_md.o(.text)
    RTCAlarm_IRQHandler                      0x0800024f   Thumb Code     0  startup_stm32f10x_md.o(.text)
    RTC_IRQHandler                           0x0800024f   Thumb Code     0  startup_stm32f10x_md.o(.text)
    SPI1_IRQHandler                          0x0800024f   Thumb Code     0  startup_stm32f10x_md.o(.text)
    SPI2_IRQHandler                          0x0800024f   Thumb Code     0  startup_stm32f10x_md.o(.text)
    TAMPER_IRQHandler                        0x0800024f   Thumb Code     0  startup_stm32f10x_md.o(.text)
    TIM1_BRK_IRQHandler                      0x0800024f   Thumb Code     0  startup_stm32f10x_md.o(.text)
    TIM1_CC_IRQHandler                       0x0800024f   Thumb Code     0  startup_stm32f10x_md.o(.text)
    TIM1_TRG_COM_IRQHandler                  0x0800024f   Thumb Code     0  startup_stm32f10x_md.o(.text)
    USART1_IRQHandler                        0x0800024f   Thumb Code     0  startup_stm32f10x_md.o(.text)
    USART2_IRQHandler                        0x0800024f   Thumb Code     0  startup_stm32f10x_md.o(.text)
    USART3_IRQHandler                        0x0800024f   Thumb Code     0  startup_stm32f10x_md.o(.text)
    USBWakeUp_IRQHandler                     0x0800024f   Thumb Code     0  startup_stm32f10x_md.o(.text)
    USB_HP_CAN1_TX_IRQHandler                0x0800024f   Thumb Code     0  startup_stm32f10x_md.o(.text)
    USB_LP_CAN1_RX0_IRQHandler               0x0800024f   Thumb Code     0  startup_stm32f10x_md.o(.text)
    WWDG_IRQHandler                          0x0800024f   Thumb Code     0  startup_stm32f10x_md.o(.text)
    __user_initial_stackheap                 0x08000251   Thumb Code     0  startup_stm32f10x_md.o(.text)
    vsprintf                                 0x08000275   Thumb Code    32  vsprintf.o(.text)
    strlen                                   0x08000299   Thumb Code    62  strlen.o(.text)
    __use_two_region_memory                  0x080002d7   Thumb Code     2  heapauxi.o(.text)
    __rt_heap_escrow$2region                 0x080002d9   Thumb Code     2  heapauxi.o(.text)
    __rt_heap_expand$2region                 0x080002db   Thumb Code     2  heapauxi.o(.text)
    _printf_pre_padding                      0x080002dd   Thumb Code    44  _printf_pad.o(.text)
    _printf_post_padding                     0x08000309   Thumb Code    34  _printf_pad.o(.text)
    _printf_truncate_signed                  0x0800032b   Thumb Code    18  _printf_truncate.o(.text)
    _printf_truncate_unsigned                0x0800033d   Thumb Code    18  _printf_truncate.o(.text)
    _printf_str                              0x0800034f   Thumb Code    82  _printf_str.o(.text)
    _printf_int_dec                          0x080003a1   Thumb Code   104  _printf_dec.o(.text)
    _printf_charcount                        0x08000419   Thumb Code    40  _printf_charcount.o(.text)
    _printf_char_common                      0x0800044b   Thumb Code    32  _printf_char_common.o(.text)
    _sputc                                   0x08000471   Thumb Code    10  _sputc.o(.text)
    _printf_wctomb                           0x0800047d   Thumb Code   182  _printf_wctomb.o(.text)
    _printf_longlong_dec                     0x08000539   Thumb Code   108  _printf_longlong_dec.o(.text)
    _printf_longlong_oct                     0x080005b5   Thumb Code    68  _printf_oct_int_ll.o(.text)
    _printf_int_oct                          0x080005f9   Thumb Code    24  _printf_oct_int_ll.o(.text)
    _printf_ll_oct                           0x08000611   Thumb Code    12  _printf_oct_int_ll.o(.text)
    _printf_longlong_hex                     0x08000625   Thumb Code    86  _printf_hex_int_ll_ptr.o(.text)
    _printf_int_hex                          0x0800067b   Thumb Code    28  _printf_hex_int_ll_ptr.o(.text)
    _printf_ll_hex                           0x08000697   Thumb Code    12  _printf_hex_int_ll_ptr.o(.text)
    _printf_hex_ptr                          0x080006a3   Thumb Code    18  _printf_hex_int_ll_ptr.o(.text)
    __printf                                 0x080006b9   Thumb Code   388  __printf_flags_ss_wp.o(.text)
    _ll_udiv10                               0x08000841   Thumb Code   138  lludiv10.o(.text)
    _printf_int_common                       0x080008cb   Thumb Code   178  _printf_intcommon.o(.text)
    _printf_fp_dec_real                      0x08000b2d   Thumb Code   620  _printf_fp_dec.o(.text)
    _printf_fp_hex_real                      0x08000d99   Thumb Code   756  _printf_fp_hex.o(.text)
    _printf_cs_common                        0x08001095   Thumb Code    20  _printf_char.o(.text)
    _printf_char                             0x080010a9   Thumb Code    16  _printf_char.o(.text)
    _printf_string                           0x080010b9   Thumb Code     8  _printf_char.o(.text)
    _printf_lcs_common                       0x080010c1   Thumb Code    20  _printf_wchar.o(.text)
    _printf_wchar                            0x080010d5   Thumb Code    16  _printf_wchar.o(.text)
    _printf_wstring                          0x080010e5   Thumb Code     8  _printf_wchar.o(.text)
    _c16rtomb                                0x080010ed   Thumb Code    72  _c16rtomb.o(.text)
    _wcrtomb                                 0x080010ed   Thumb Code     0  _c16rtomb.o(.text)
    __user_setup_stackheap                   0x08001135   Thumb Code    74  sys_stackheap_outer.o(.text)
    __rt_ctype_table                         0x08001181   Thumb Code    16  rt_ctype_table.o(.text)
    __rt_locale                              0x08001191   Thumb Code     8  rt_locale_intlibspace.o(.text)
    _printf_fp_infnan                        0x08001199   Thumb Code   112  _printf_fp_infnan.o(.text)
    _btod_etento                             0x08001219   Thumb Code   224  bigflt0.o(.text)
    exit                                     0x080012fd   Thumb Code    18  exit.o(.text)
    __user_libspace                          0x08001311   Thumb Code     8  libspace.o(.text)
    __user_perproc_libspace                  0x08001311   Thumb Code     0  libspace.o(.text)
    __user_perthread_libspace                0x08001311   Thumb Code     0  libspace.o(.text)
    strcmp                                   0x08001319   Thumb Code   128  strcmpv7m.o(.text)
    _sys_exit                                0x08001399   Thumb Code     8  sys_exit.o(.text)
    __I$use$semihosting                      0x080013a5   Thumb Code     0  use_no_semi.o(.text)
    __use_no_semihosting_swi                 0x080013a5   Thumb Code     2  use_no_semi.o(.text)
    __semihosting_library_function           0x080013a7   Thumb Code     0  indicate_semi.o(.text)
    Delay_ms                                 0x080013a9   Thumb Code    24  sysclock.o(.text.Delay_ms)
    EXTI0_Config                             0x080013c1   Thumb Code    96  main.o(.text.EXTI0_Config)
    EXTI0_IRQHandler                         0x08001421   Thumb Code    38  main.o(.text.EXTI0_IRQHandler)
    EXTI_HCSR04_Callback                     0x08001449   Thumb Code    80  hcsr04.o(.text.EXTI_HCSR04_Callback)
    GPIO_Config                              0x08001499   Thumb Code   128  gpio_driver.o(.text.GPIO_Config)
    GPIO_Read_Pin                            0x08001519   Thumb Code    10  gpio_driver.o(.text.GPIO_Read_Pin)
    GPIO_Toggle_Pin                          0x08001525   Thumb Code    14  gpio_driver.o(.text.GPIO_Toggle_Pin)
    GPIO_Write_Pin                           0x08001535   Thumb Code    28  gpio_driver.o(.text.GPIO_Write_Pin)
    Get_Tick                                 0x08001551   Thumb Code    12  sysclock.o(.text.Get_Tick)
    HCSR04_Complete_Callback                 0x0800155d   Thumb Code    92  main.o(.text.HCSR04_Complete_Callback)
    HCSR04_Handler                           0x080015b9   Thumb Code    58  hcsr04.o(.text.HCSR04_Handler)
    HCSR04_Init                              0x080015f5   Thumb Code    22  hcsr04.o(.text.HCSR04_Init)
    HCSR04_Start                             0x0800160d   Thumb Code    38  hcsr04.o(.text.HCSR04_Start)
    I2C_Address                              0x08001635   Thumb Code    36  i2c_driver.o(.text.I2C_Address)
    I2C_Config                               0x08001659   Thumb Code    98  i2c_driver.o(.text.I2C_Config)
    I2C_Start                                0x080016bd   Thumb Code    16  i2c_driver.o(.text.I2C_Start)
    I2C_Stop                                 0x080016cd   Thumb Code    10  i2c_driver.o(.text.I2C_Stop)
    I2C_WriteStr                             0x080016d9   Thumb Code    72  i2c_driver.o(.text.I2C_WriteStr)
    PID_value_calculate                      0x08001721   Thumb Code    32  follow_line.o(.text.PID_value_calculate)
    SysClockConfig                           0x08001809   Thumb Code   156  sysclock.o(.text.SysClockConfig)
    SysTick_Handler                          0x080018c9   Thumb Code    16  sysclock.o(.text.SysTick_Handler)
    SystemCoreClockUpdate                    0x080018d9   Thumb Code   110  system_stm32f10x.o(.text.SystemCoreClockUpdate)
    SystemInit                               0x08001949   Thumb Code    86  system_stm32f10x.o(.text.SystemInit)
    TIM1_UP_IRQHandler                       0x080019a1   Thumb Code    26  timer_driver.o(.text.TIM1_UP_IRQHandler)
    TIM2_IRQHandler                          0x080019bd   Thumb Code    26  timer_driver.o(.text.TIM2_IRQHandler)
    TIM3_IRQHandler                          0x080019d9   Thumb Code    26  timer_driver.o(.text.TIM3_IRQHandler)
    TIM4_IRQHandler                          0x080019f5   Thumb Code    26  timer_driver.o(.text.TIM4_IRQHandler)
    TIM_Config                               0x08001a11   Thumb Code   156  timer_driver.o(.text.TIM_Config)
    TIM_Delay_us                             0x08001aad   Thumb Code    32  hcsr04.o(.text.TIM_Delay_us)
    TIM_IRQ_Callback                         0x08001acd   Thumb Code    54  main.o(.text.TIM_IRQ_Callback)
    TIM_IT_Config                            0x08001b05   Thumb Code   200  timer_driver.o(.text.TIM_IT_Config)
    TIM_PWM_Config                           0x08001bcd   Thumb Code   252  timer_driver.o(.text.TIM_PWM_Config)
    TIM_PWM_SetDuty                          0x08001cc9   Thumb Code    62  timer_driver.o(.text.TIM_PWM_SetDuty)
    car_following_line_handle                0x08001d7d   Thumb Code    88  follow_line.o(.text.car_following_line_handle)
    lcd_clear_display                        0x08001dd5   Thumb Code    16  lcd_i2c.o(.text.lcd_clear_display)
    lcd_init                                 0x08001de5   Thumb Code   104  lcd_i2c.o(.text.lcd_init)
    lcd_printf                               0x08001e4d   Thumb Code    70  lcd_i2c.o(.text.lcd_printf)
    lcd_set_cursor_blink_off                 0x08001f0d   Thumb Code    32  lcd_i2c.o(.text.lcd_set_cursor_blink_off)
    main                                     0x08001f2d   Thumb Code   492  main.o(.text.main)
    motor_Control                            0x08002119   Thumb Code    90  motor.o(.text.motor_Control)
    motor_Init                               0x08002175   Thumb Code    20  motor.o(.text.motor_Init)
    read_sensor_error                        0x08002189   Thumb Code   350  follow_line.o(.text.read_sensor_error)
    _btod_d2e                                0x080022e7   Thumb Code    62  btod.o(CL$$btod_d2e)
    _d2e_denorm_low                          0x08002325   Thumb Code    70  btod.o(CL$$btod_d2e_denorm_low)
    _d2e_norm_op1                            0x0800236b   Thumb Code    96  btod.o(CL$$btod_d2e_norm_op1)
    __btod_div_common                        0x080023cb   Thumb Code   696  btod.o(CL$$btod_div_common)
    _e2e                                     0x08002703   Thumb Code   220  btod.o(CL$$btod_e2e)
    _btod_ediv                               0x080027df   Thumb Code    42  btod.o(CL$$btod_ediv)
    _btod_emul                               0x08002809   Thumb Code    42  btod.o(CL$$btod_emul)
    __btod_mult_common                       0x08002833   Thumb Code   580  btod.o(CL$$btod_mult_common)
    __ARM_fpclassify                         0x08002a77   Thumb Code    40  fpclassify.o(i.__ARM_fpclassify)
    _is_digit                                0x08002a9f   Thumb Code    14  __printf_wp.o(i._is_digit)
    _get_lc_numeric                          0x08002aad   Thumb Code    44  lc_numeric_c.o(locale$$code)
    _get_lc_ctype                            0x08002ad9   Thumb Code    44  lc_ctype_c.o(locale$$code)
    __aeabi_d2f                              0x08002b05   Thumb Code     0  d2f.o(x$fpl$d2f)
    _d2f                                     0x08002b05   Thumb Code    98  d2f.o(x$fpl$d2f)
    __aeabi_ui2d                             0x08002b67   Thumb Code     0  dflt_clz.o(x$fpl$dfltu)
    _dfltu                                   0x08002b67   Thumb Code    38  dflt_clz.o(x$fpl$dfltu)
    __aeabi_dmul                             0x08002b8d   Thumb Code     0  dmul.o(x$fpl$dmul)
    _dmul                                    0x08002b8d   Thumb Code   332  dmul.o(x$fpl$dmul)
    __fpl_dnaninf                            0x08002ce1   Thumb Code   156  dnaninf.o(x$fpl$dnaninf)
    __fpl_dretinf                            0x08002d7d   Thumb Code    12  dretinf.o(x$fpl$dretinf)
    __aeabi_f2d                              0x08002d89   Thumb Code     0  f2d.o(x$fpl$f2d)
    _f2d                                     0x08002d89   Thumb Code    86  f2d.o(x$fpl$f2d)
    __aeabi_fcmpeq                           0x08002ddf   Thumb Code     0  fcmp.o(x$fpl$fcmp)
    _feq                                     0x08002ddf   Thumb Code    14  fcmp.o(x$fpl$fcmp)
    _fneq                                    0x08002ded   Thumb Code    14  fcmp.o(x$fpl$fcmp)
    __aeabi_fcmpgt                           0x08002dfb   Thumb Code     0  fcmp.o(x$fpl$fcmp)
    _fgr                                     0x08002dfb   Thumb Code    14  fcmp.o(x$fpl$fcmp)
    __aeabi_fcmpge                           0x08002e09   Thumb Code     0  fcmp.o(x$fpl$fcmp)
    _fgeq                                    0x08002e09   Thumb Code    14  fcmp.o(x$fpl$fcmp)
    __aeabi_fcmple                           0x08002e17   Thumb Code     0  fcmp.o(x$fpl$fcmp)
    _fleq                                    0x08002e17   Thumb Code    14  fcmp.o(x$fpl$fcmp)
    __aeabi_fcmplt                           0x08002e25   Thumb Code     0  fcmp.o(x$fpl$fcmp)
    _fls                                     0x08002e25   Thumb Code    14  fcmp.o(x$fpl$fcmp)
    __fpl_fcmp_Inf                           0x08002e33   Thumb Code    24  fcmpi.o(x$fpl$fcmpinf)
    __aeabi_cfcmpeq                          0x08002e4d   Thumb Code     0  feqf.o(x$fpl$feqf)
    _fcmpeq                                  0x08002e4d   Thumb Code   104  feqf.o(x$fpl$feqf)
    _fcmpge                                  0x08002eb5   Thumb Code   104  fgeqf.o(x$fpl$fgeqf)
    __aeabi_cfcmple                          0x08002f1d   Thumb Code     0  fleqf.o(x$fpl$fleqf)
    _fcmple                                  0x08002f1d   Thumb Code   104  fleqf.o(x$fpl$fleqf)
    __fpl_fcmple_InfNaN                      0x08002f6f   Thumb Code     0  fleqf.o(x$fpl$fleqf)
    __fpl_fnaninf                            0x08002f85   Thumb Code   140  fnaninf.o(x$fpl$fnaninf)
    __fpl_fretinf                            0x08003011   Thumb Code    10  fretinf.o(x$fpl$fretinf)
    _printf_fp_dec                           0x0800301b   Thumb Code     4  printf1.o(x$fpl$printf1)
    _printf_fp_hex                           0x0800301f   Thumb Code     4  printf2.o(x$fpl$printf2)
    __I$use$fp                               0x08003022   Number         0  usenofp.o(x$fpl$usenofp)
    AHBPrescTable                            0x08003120   Data          16  system_stm32f10x.o(.rodata.AHBPrescTable)
    Region$$Table$$Base                      0x08003130   Number         0  anon$$obj.o(Region$$Table)
    Region$$Table$$Limit                     0x08003150   Number         0  anon$$obj.o(Region$$Table)
    __ctype                                  0x08003179   Data           0  lc_ctype_c.o(locale$$data)
    SystemCoreClock                          0x20000000   Data           4  system_stm32f10x.o(.data.SystemCoreClock)
    __libspace_start                         0x20000008   Data          96  libspace.o(.bss)
    __temporary_stack_top$libspace           0x20000068   Data           0  libspace.o(.bss)
    Tick                                     0x20000070   Data           4  sysclock.o(.bss.Tick)
    left_motor                               0x20000094   Data          16  main.o(.bss.left_motor)
    miss_way                                 0x200000a4   Data           1  main.o(.bss.miss_way)
    right_motor                              0x200000ac   Data          16  main.o(.bss.right_motor)



==============================================================================

Memory Map of the image

  Image Entry point : 0x080000ed

  Load Region LR_IROM1 (Base: 0x08000000, Size: 0x00003288, Max: 0x00010000, ABSOLUTE)

    Execution Region ER_IROM1 (Exec base: 0x08000000, Load base: 0x08000000, Size: 0x0000327c, Max: 0x00010000, ABSOLUTE)

    Exec Addr    Load Addr    Size         Type   Attr      Idx    E Section Name        Object

    0x08000000   0x08000000   0x000000ec   Data   RO          207    RESET               startup_stm32f10x_md.o
    0x080000ec   0x080000ec   0x00000008   Code   RO          240  * !!!main             c_w.l(__main.o)
    0x080000f4   0x080000f4   0x00000034   Code   RO          605    !!!scatter          c_w.l(__scatter.o)
    0x08000128   0x08000128   0x0000001a   Code   RO          607    !!handler_copy      c_w.l(__scatter_copy.o)
    0x08000142   0x08000142   0x00000002   PAD
    0x08000144   0x08000144   0x0000001c   Code   RO          609    !!handler_zi        c_w.l(__scatter_zi.o)
    0x08000160   0x08000160   0x00000000   Code   RO          338    .ARM.Collect$$_printf_percent$$00000000  c_w.l(_printf_percent.o)
    0x08000160   0x08000160   0x00000006   Code   RO          327    .ARM.Collect$$_printf_percent$$00000001  c_w.l(_printf_n.o)
    0x08000166   0x08000166   0x00000006   Code   RO          329    .ARM.Collect$$_printf_percent$$00000002  c_w.l(_printf_p.o)
    0x0800016c   0x0800016c   0x00000006   Code   RO          334    .ARM.Collect$$_printf_percent$$00000003  c_w.l(_printf_f.o)
    0x08000172   0x08000172   0x00000006   Code   RO          335    .ARM.Collect$$_printf_percent$$00000004  c_w.l(_printf_e.o)
    0x08000178   0x08000178   0x00000006   Code   RO          336    .ARM.Collect$$_printf_percent$$00000005  c_w.l(_printf_g.o)
    0x0800017e   0x0800017e   0x00000006   Code   RO          337    .ARM.Collect$$_printf_percent$$00000006  c_w.l(_printf_a.o)
    0x08000184   0x08000184   0x0000000a   Code   RO          342    .ARM.Collect$$_printf_percent$$00000007  c_w.l(_printf_ll.o)
    0x0800018e   0x0800018e   0x00000006   Code   RO          331    .ARM.Collect$$_printf_percent$$00000008  c_w.l(_printf_i.o)
    0x08000194   0x08000194   0x00000006   Code   RO          332    .ARM.Collect$$_printf_percent$$00000009  c_w.l(_printf_d.o)
    0x0800019a   0x0800019a   0x00000006   Code   RO          333    .ARM.Collect$$_printf_percent$$0000000A  c_w.l(_printf_u.o)
    0x080001a0   0x080001a0   0x00000006   Code   RO          330    .ARM.Collect$$_printf_percent$$0000000B  c_w.l(_printf_o.o)
    0x080001a6   0x080001a6   0x00000006   Code   RO          328    .ARM.Collect$$_printf_percent$$0000000C  c_w.l(_printf_x.o)
    0x080001ac   0x080001ac   0x00000006   Code   RO          339    .ARM.Collect$$_printf_percent$$0000000D  c_w.l(_printf_lli.o)
    0x080001b2   0x080001b2   0x00000006   Code   RO          340    .ARM.Collect$$_printf_percent$$0000000E  c_w.l(_printf_lld.o)
    0x080001b8   0x080001b8   0x00000006   Code   RO          341    .ARM.Collect$$_printf_percent$$0000000F  c_w.l(_printf_llu.o)
    0x080001be   0x080001be   0x00000006   Code   RO          346    .ARM.Collect$$_printf_percent$$00000010  c_w.l(_printf_llo.o)
    0x080001c4   0x080001c4   0x00000006   Code   RO          347    .ARM.Collect$$_printf_percent$$00000011  c_w.l(_printf_llx.o)
    0x080001ca   0x080001ca   0x0000000a   Code   RO          343    .ARM.Collect$$_printf_percent$$00000012  c_w.l(_printf_l.o)
    0x080001d4   0x080001d4   0x00000006   Code   RO          325    .ARM.Collect$$_printf_percent$$00000013  c_w.l(_printf_c.o)
    0x080001da   0x080001da   0x00000006   Code   RO          326    .ARM.Collect$$_printf_percent$$00000014  c_w.l(_printf_s.o)
    0x080001e0   0x080001e0   0x00000006   Code   RO          344    .ARM.Collect$$_printf_percent$$00000015  c_w.l(_printf_lc.o)
    0x080001e6   0x080001e6   0x00000006   Code   RO          345    .ARM.Collect$$_printf_percent$$00000016  c_w.l(_printf_ls.o)
    0x080001ec   0x080001ec   0x00000004   Code   RO          403    .ARM.Collect$$_printf_percent$$00000017  c_w.l(_printf_percent_end.o)
    0x080001f0   0x080001f0   0x00000002   Code   RO          456    .ARM.Collect$$libinit$$00000000  c_w.l(libinit.o)
    0x080001f2   0x080001f2   0x00000000   Code   RO          474    .ARM.Collect$$libinit$$00000002  c_w.l(libinit2.o)
    0x080001f2   0x080001f2   0x00000000   Code   RO          476    .ARM.Collect$$libinit$$00000004  c_w.l(libinit2.o)
    0x080001f2   0x080001f2   0x00000000   Code   RO          479    .ARM.Collect$$libinit$$0000000A  c_w.l(libinit2.o)
    0x080001f2   0x080001f2   0x00000000   Code   RO          481    .ARM.Collect$$libinit$$0000000C  c_w.l(libinit2.o)
    0x080001f2   0x080001f2   0x00000000   Code   RO          483    .ARM.Collect$$libinit$$0000000E  c_w.l(libinit2.o)
    0x080001f2   0x080001f2   0x00000006   Code   RO          484    .ARM.Collect$$libinit$$0000000F  c_w.l(libinit2.o)
    0x080001f8   0x080001f8   0x00000000   Code   RO          486    .ARM.Collect$$libinit$$00000011  c_w.l(libinit2.o)
    0x080001f8   0x080001f8   0x0000000c   Code   RO          487    .ARM.Collect$$libinit$$00000012  c_w.l(libinit2.o)
    0x08000204   0x08000204   0x00000000   Code   RO          488    .ARM.Collect$$libinit$$00000013  c_w.l(libinit2.o)
    0x08000204   0x08000204   0x00000000   Code   RO          490    .ARM.Collect$$libinit$$00000015  c_w.l(libinit2.o)
    0x08000204   0x08000204   0x0000000a   Code   RO          491    .ARM.Collect$$libinit$$00000016  c_w.l(libinit2.o)
    0x0800020e   0x0800020e   0x00000000   Code   RO          492    .ARM.Collect$$libinit$$00000017  c_w.l(libinit2.o)
    0x0800020e   0x0800020e   0x00000000   Code   RO          494    .ARM.Collect$$libinit$$00000019  c_w.l(libinit2.o)
    0x0800020e   0x0800020e   0x00000000   Code   RO          496    .ARM.Collect$$libinit$$0000001B  c_w.l(libinit2.o)
    0x0800020e   0x0800020e   0x00000000   Code   RO          498    .ARM.Collect$$libinit$$0000001D  c_w.l(libinit2.o)
    0x0800020e   0x0800020e   0x00000000   Code   RO          500    .ARM.Collect$$libinit$$0000001F  c_w.l(libinit2.o)
    0x0800020e   0x0800020e   0x00000000   Code   RO          502    .ARM.Collect$$libinit$$00000021  c_w.l(libinit2.o)
    0x0800020e   0x0800020e   0x00000000   Code   RO          504    .ARM.Collect$$libinit$$00000023  c_w.l(libinit2.o)
    0x0800020e   0x0800020e   0x00000000   Code   RO          506    .ARM.Collect$$libinit$$00000025  c_w.l(libinit2.o)
    0x0800020e   0x0800020e   0x00000000   Code   RO          510    .ARM.Collect$$libinit$$0000002C  c_w.l(libinit2.o)
    0x0800020e   0x0800020e   0x00000000   Code   RO          512    .ARM.Collect$$libinit$$0000002E  c_w.l(libinit2.o)
    0x0800020e   0x0800020e   0x00000000   Code   RO          514    .ARM.Collect$$libinit$$00000030  c_w.l(libinit2.o)
    0x0800020e   0x0800020e   0x00000000   Code   RO          516    .ARM.Collect$$libinit$$00000032  c_w.l(libinit2.o)
    0x0800020e   0x0800020e   0x00000002   Code   RO          517    .ARM.Collect$$libinit$$00000033  c_w.l(libinit2.o)
    0x08000210   0x08000210   0x00000002   Code   RO          541    .ARM.Collect$$libshutdown$$00000000  c_w.l(libshutdown.o)
    0x08000212   0x08000212   0x00000000   Code   RO          556    .ARM.Collect$$libshutdown$$00000002  c_w.l(libshutdown2.o)
    0x08000212   0x08000212   0x00000000   Code   RO          558    .ARM.Collect$$libshutdown$$00000004  c_w.l(libshutdown2.o)
    0x08000212   0x08000212   0x00000000   Code   RO          561    .ARM.Collect$$libshutdown$$00000007  c_w.l(libshutdown2.o)
    0x08000212   0x08000212   0x00000000   Code   RO          564    .ARM.Collect$$libshutdown$$0000000A  c_w.l(libshutdown2.o)
    0x08000212   0x08000212   0x00000000   Code   RO          566    .ARM.Collect$$libshutdown$$0000000C  c_w.l(libshutdown2.o)
    0x08000212   0x08000212   0x00000000   Code   RO          569    .ARM.Collect$$libshutdown$$0000000F  c_w.l(libshutdown2.o)
    0x08000212   0x08000212   0x00000002   Code   RO          570    .ARM.Collect$$libshutdown$$00000010  c_w.l(libshutdown2.o)
    0x08000214   0x08000214   0x00000000   Code   RO          256    .ARM.Collect$$rtentry$$00000000  c_w.l(__rtentry.o)
    0x08000214   0x08000214   0x00000000   Code   RO          372    .ARM.Collect$$rtentry$$00000002  c_w.l(__rtentry2.o)
    0x08000214   0x08000214   0x00000006   Code   RO          384    .ARM.Collect$$rtentry$$00000004  c_w.l(__rtentry4.o)
    0x0800021a   0x0800021a   0x00000000   Code   RO          374    .ARM.Collect$$rtentry$$00000009  c_w.l(__rtentry2.o)
    0x0800021a   0x0800021a   0x00000004   Code   RO          375    .ARM.Collect$$rtentry$$0000000A  c_w.l(__rtentry2.o)
    0x0800021e   0x0800021e   0x00000000   Code   RO          377    .ARM.Collect$$rtentry$$0000000C  c_w.l(__rtentry2.o)
    0x0800021e   0x0800021e   0x00000008   Code   RO          378    .ARM.Collect$$rtentry$$0000000D  c_w.l(__rtentry2.o)
    0x08000226   0x08000226   0x00000002   Code   RO          464    .ARM.Collect$$rtexit$$00000000  c_w.l(rtexit.o)
    0x08000228   0x08000228   0x00000000   Code   RO          519    .ARM.Collect$$rtexit$$00000002  c_w.l(rtexit2.o)
    0x08000228   0x08000228   0x00000004   Code   RO          520    .ARM.Collect$$rtexit$$00000003  c_w.l(rtexit2.o)
    0x0800022c   0x0800022c   0x00000006   Code   RO          521    .ARM.Collect$$rtexit$$00000004  c_w.l(rtexit2.o)
    0x08000232   0x08000232   0x00000002   PAD
    0x08000234   0x08000234   0x00000040   Code   RO          208    .text               startup_stm32f10x_md.o
    0x08000274   0x08000274   0x00000024   Code   RO          234    .text               c_w.l(vsprintf.o)
    0x08000298   0x08000298   0x0000003e   Code   RO          236    .text               c_w.l(strlen.o)
    0x080002d6   0x080002d6   0x00000006   Code   RO          238    .text               c_w.l(heapauxi.o)
    0x080002dc   0x080002dc   0x0000004e   Code   RO          259    .text               c_w.l(_printf_pad.o)
    0x0800032a   0x0800032a   0x00000024   Code   RO          261    .text               c_w.l(_printf_truncate.o)
    0x0800034e   0x0800034e   0x00000052   Code   RO          263    .text               c_w.l(_printf_str.o)
    0x080003a0   0x080003a0   0x00000078   Code   RO          265    .text               c_w.l(_printf_dec.o)
    0x08000418   0x08000418   0x00000028   Code   RO          267    .text               c_w.l(_printf_charcount.o)
    0x08000440   0x08000440   0x00000030   Code   RO          269    .text               c_w.l(_printf_char_common.o)
    0x08000470   0x08000470   0x0000000a   Code   RO          271    .text               c_w.l(_sputc.o)
    0x0800047a   0x0800047a   0x00000002   PAD
    0x0800047c   0x0800047c   0x000000bc   Code   RO          273    .text               c_w.l(_printf_wctomb.o)
    0x08000538   0x08000538   0x0000007c   Code   RO          276    .text               c_w.l(_printf_longlong_dec.o)
    0x080005b4   0x080005b4   0x00000070   Code   RO          282    .text               c_w.l(_printf_oct_int_ll.o)
    0x08000624   0x08000624   0x00000094   Code   RO          302    .text               c_w.l(_printf_hex_int_ll_ptr.o)
    0x080006b8   0x080006b8   0x00000188   Code   RO          322    .text               c_w.l(__printf_flags_ss_wp.o)
    0x08000840   0x08000840   0x0000008a   Code   RO          386    .text               c_w.l(lludiv10.o)
    0x080008ca   0x080008ca   0x000000b2   Code   RO          388    .text               c_w.l(_printf_intcommon.o)
    0x0800097c   0x0800097c   0x0000041c   Code   RO          390    .text               c_w.l(_printf_fp_dec.o)
    0x08000d98   0x08000d98   0x000002fc   Code   RO          394    .text               c_w.l(_printf_fp_hex.o)
    0x08001094   0x08001094   0x0000002c   Code   RO          399    .text               c_w.l(_printf_char.o)
    0x080010c0   0x080010c0   0x0000002c   Code   RO          401    .text               c_w.l(_printf_wchar.o)
    0x080010ec   0x080010ec   0x00000048   Code   RO          404    .text               c_w.l(_c16rtomb.o)
    0x08001134   0x08001134   0x0000004a   Code   RO          408    .text               c_w.l(sys_stackheap_outer.o)
    0x0800117e   0x0800117e   0x00000002   PAD
    0x08001180   0x08001180   0x00000010   Code   RO          410    .text               c_w.l(rt_ctype_table.o)
    0x08001190   0x08001190   0x00000008   Code   RO          415    .text               c_w.l(rt_locale_intlibspace.o)
    0x08001198   0x08001198   0x00000080   Code   RO          417    .text               c_w.l(_printf_fp_infnan.o)
    0x08001218   0x08001218   0x000000e4   Code   RO          419    .text               c_w.l(bigflt0.o)
    0x080012fc   0x080012fc   0x00000012   Code   RO          449    .text               c_w.l(exit.o)
    0x0800130e   0x0800130e   0x00000002   PAD
    0x08001310   0x08001310   0x00000008   Code   RO          461    .text               c_w.l(libspace.o)
    0x08001318   0x08001318   0x00000080   Code   RO          471    .text               c_w.l(strcmpv7m.o)
    0x08001398   0x08001398   0x0000000c   Code   RO          531    .text               c_w.l(sys_exit.o)
    0x080013a4   0x080013a4   0x00000002   Code   RO          546    .text               c_w.l(use_no_semi.o)
    0x080013a6   0x080013a6   0x00000000   Code   RO          548    .text               c_w.l(indicate_semi.o)
    0x080013a6   0x080013a6   0x00000002   PAD
    0x080013a8   0x080013a8   0x00000018   Code   RO           40    .text.Delay_ms      sysclock.o
    0x080013c0   0x080013c0   0x00000060   Code   RO            2    .text.EXTI0_Config  main.o
    0x08001420   0x08001420   0x00000026   Code   RO            8    .text.EXTI0_IRQHandler  main.o
    0x08001446   0x08001446   0x00000002   PAD
    0x08001448   0x08001448   0x00000050   Code   RO          174    .text.EXTI_HCSR04_Callback  hcsr04.o
    0x08001498   0x08001498   0x00000080   Code   RO           53    .text.GPIO_Config   gpio_driver.o
    0x08001518   0x08001518   0x0000000a   Code   RO           57    .text.GPIO_Read_Pin  gpio_driver.o
    0x08001522   0x08001522   0x00000002   PAD
    0x08001524   0x08001524   0x0000000e   Code   RO           59    .text.GPIO_Toggle_Pin  gpio_driver.o
    0x08001532   0x08001532   0x00000002   PAD
    0x08001534   0x08001534   0x0000001c   Code   RO           55    .text.GPIO_Write_Pin  gpio_driver.o
    0x08001550   0x08001550   0x0000000c   Code   RO           38    .text.Get_Tick      sysclock.o
    0x0800155c   0x0800155c   0x0000005c   Code   RO           10    .text.HCSR04_Complete_Callback  main.o
    0x080015b8   0x080015b8   0x0000003a   Code   RO          178    .text.HCSR04_Handler  hcsr04.o
    0x080015f2   0x080015f2   0x00000002   PAD
    0x080015f4   0x080015f4   0x00000016   Code   RO          180    .text.HCSR04_Init   hcsr04.o
    0x0800160a   0x0800160a   0x00000002   PAD
    0x0800160c   0x0800160c   0x00000026   Code   RO          176    .text.HCSR04_Start  hcsr04.o
    0x08001632   0x08001632   0x00000002   PAD
    0x08001634   0x08001634   0x00000024   Code   RO           73    .text.I2C_Address   i2c_driver.o
    0x08001658   0x08001658   0x00000062   Code   RO           69    .text.I2C_Config    i2c_driver.o
    0x080016ba   0x080016ba   0x00000002   PAD
    0x080016bc   0x080016bc   0x00000010   Code   RO           71    .text.I2C_Start     i2c_driver.o
    0x080016cc   0x080016cc   0x0000000a   Code   RO           75    .text.I2C_Stop      i2c_driver.o
    0x080016d6   0x080016d6   0x00000002   PAD
    0x080016d8   0x080016d8   0x00000048   Code   RO           79    .text.I2C_WriteStr  i2c_driver.o
    0x08001720   0x08001720   0x00000020   Code   RO          192    .text.PID_value_calculate  follow_line.o
    0x08001740   0x08001740   0x00000008   Code   RO          217    .text.SetSysClock   system_stm32f10x.o
    0x08001748   0x08001748   0x000000be   Code   RO          221    .text.SetSysClockTo72  system_stm32f10x.o
    0x08001806   0x08001806   0x00000002   PAD
    0x08001808   0x08001808   0x0000009c   Code   RO           32    .text.SysClockConfig  sysclock.o
    0x080018a4   0x080018a4   0x00000024   Code   RO           34    .text.SysTick_Config  sysclock.o
    0x080018c8   0x080018c8   0x00000010   Code   RO           36    .text.SysTick_Handler  sysclock.o
    0x080018d8   0x080018d8   0x0000006e   Code   RO          219    .text.SystemCoreClockUpdate  system_stm32f10x.o
    0x08001946   0x08001946   0x00000002   PAD
    0x08001948   0x08001948   0x00000056   Code   RO          215    .text.SystemInit    system_stm32f10x.o
    0x0800199e   0x0800199e   0x00000002   PAD
    0x080019a0   0x080019a0   0x0000001a   Code   RO           97    .text.TIM1_UP_IRQHandler  timer_driver.o
    0x080019ba   0x080019ba   0x00000002   PAD
    0x080019bc   0x080019bc   0x0000001a   Code   RO           99    .text.TIM2_IRQHandler  timer_driver.o
    0x080019d6   0x080019d6   0x00000002   PAD
    0x080019d8   0x080019d8   0x0000001a   Code   RO          101    .text.TIM3_IRQHandler  timer_driver.o
    0x080019f2   0x080019f2   0x00000002   PAD
    0x080019f4   0x080019f4   0x0000001a   Code   RO          103    .text.TIM4_IRQHandler  timer_driver.o
    0x08001a0e   0x08001a0e   0x00000002   PAD
    0x08001a10   0x08001a10   0x0000009c   Code   RO           89    .text.TIM_Config    timer_driver.o
    0x08001aac   0x08001aac   0x00000020   Code   RO          172    .text.TIM_Delay_us  hcsr04.o
    0x08001acc   0x08001acc   0x00000036   Code   RO           12    .text.TIM_IRQ_Callback  main.o
    0x08001b02   0x08001b02   0x00000002   PAD
    0x08001b04   0x08001b04   0x000000c8   Code   RO           91    .text.TIM_IT_Config  timer_driver.o
    0x08001bcc   0x08001bcc   0x000000fc   Code   RO          105    .text.TIM_PWM_Config  timer_driver.o
    0x08001cc8   0x08001cc8   0x0000003e   Code   RO          107    .text.TIM_PWM_SetDuty  timer_driver.o
    0x08001d06   0x08001d06   0x00000002   PAD
    0x08001d08   0x08001d08   0x0000000e   Code   RO            6    .text.__NVIC_EnableIRQ  main.o
    0x08001d16   0x08001d16   0x00000002   PAD
    0x08001d18   0x08001d18   0x00000020   Code   RO           95    .text.__NVIC_EnableIRQ  timer_driver.o
    0x08001d38   0x08001d38   0x0000000e   Code   RO            4    .text.__NVIC_SetPriority  main.o
    0x08001d46   0x08001d46   0x00000002   PAD
    0x08001d48   0x08001d48   0x0000000e   Code   RO           42    .text.__NVIC_SetPriority  sysclock.o
    0x08001d56   0x08001d56   0x00000002   PAD
    0x08001d58   0x08001d58   0x00000022   Code   RO           93    .text.__NVIC_SetPriority  timer_driver.o
    0x08001d7a   0x08001d7a   0x00000002   PAD
    0x08001d7c   0x08001d7c   0x00000058   Code   RO          194    .text.car_following_line_handle  follow_line.o
    0x08001dd4   0x08001dd4   0x00000010   Code   RO          121    .text.lcd_clear_display  lcd_i2c.o
    0x08001de4   0x08001de4   0x00000068   Code   RO          149    .text.lcd_init      lcd_i2c.o
    0x08001e4c   0x08001e4c   0x00000046   Code   RO          147    .text.lcd_printf    lcd_i2c.o
    0x08001e92   0x08001e92   0x00000002   PAD
    0x08001e94   0x08001e94   0x0000003a   Code   RO          123    .text.lcd_send_cmd  lcd_i2c.o
    0x08001ece   0x08001ece   0x00000002   PAD
    0x08001ed0   0x08001ed0   0x0000003a   Code   RO          119    .text.lcd_send_data  lcd_i2c.o
    0x08001f0a   0x08001f0a   0x00000002   PAD
    0x08001f0c   0x08001f0c   0x00000020   Code   RO          141    .text.lcd_set_cursor_blink_off  lcd_i2c.o
    0x08001f2c   0x08001f2c   0x000001ec   Code   RO           14    .text.main          main.o
    0x08002118   0x08002118   0x0000005a   Code   RO          160    .text.motor_Control  motor.o
    0x08002172   0x08002172   0x00000002   PAD
    0x08002174   0x08002174   0x00000014   Code   RO          162    .text.motor_Init    motor.o
    0x08002188   0x08002188   0x0000015e   Code   RO          190    .text.read_sensor_error  follow_line.o
    0x080022e6   0x080022e6   0x0000003e   Code   RO          422    CL$$btod_d2e        c_w.l(btod.o)
    0x08002324   0x08002324   0x00000046   Code   RO          424    CL$$btod_d2e_denorm_low  c_w.l(btod.o)
    0x0800236a   0x0800236a   0x00000060   Code   RO          423    CL$$btod_d2e_norm_op1  c_w.l(btod.o)
    0x080023ca   0x080023ca   0x00000338   Code   RO          432    CL$$btod_div_common  c_w.l(btod.o)
    0x08002702   0x08002702   0x000000dc   Code   RO          429    CL$$btod_e2e        c_w.l(btod.o)
    0x080027de   0x080027de   0x0000002a   Code   RO          426    CL$$btod_ediv       c_w.l(btod.o)
    0x08002808   0x08002808   0x0000002a   Code   RO          425    CL$$btod_emul       c_w.l(btod.o)
    0x08002832   0x08002832   0x00000244   Code   RO          431    CL$$btod_mult_common  c_w.l(btod.o)
    0x08002a76   0x08002a76   0x00000028   Code   RO          459    i.__ARM_fpclassify  m_ws.l(fpclassify.o)
    0x08002a9e   0x08002a9e   0x0000000e   Code   RO          315    i._is_digit         c_w.l(__printf_wp.o)
    0x08002aac   0x08002aac   0x0000002c   Code   RO          447    locale$$code        c_w.l(lc_numeric_c.o)
    0x08002ad8   0x08002ad8   0x0000002c   Code   RO          469    locale$$code        c_w.l(lc_ctype_c.o)
    0x08002b04   0x08002b04   0x00000062   Code   RO          242    x$fpl$d2f           fz_ws.l(d2f.o)
    0x08002b66   0x08002b66   0x00000026   Code   RO          244    x$fpl$dfltu         fz_ws.l(dflt_clz.o)
    0x08002b8c   0x08002b8c   0x00000154   Code   RO          250    x$fpl$dmul          fz_ws.l(dmul.o)
    0x08002ce0   0x08002ce0   0x0000009c   Code   RO          348    x$fpl$dnaninf       fz_ws.l(dnaninf.o)
    0x08002d7c   0x08002d7c   0x0000000c   Code   RO          350    x$fpl$dretinf       fz_ws.l(dretinf.o)
    0x08002d88   0x08002d88   0x00000056   Code   RO          252    x$fpl$f2d           fz_ws.l(f2d.o)
    0x08002dde   0x08002dde   0x00000054   Code   RO          254    x$fpl$fcmp          fz_ws.l(fcmp.o)
    0x08002e32   0x08002e32   0x00000018   Code   RO          406    x$fpl$fcmpinf       fz_ws.l(fcmpi.o)
    0x08002e4a   0x08002e4a   0x00000002   PAD
    0x08002e4c   0x08002e4c   0x00000068   Code   RO          352    x$fpl$feqf          fz_ws.l(feqf.o)
    0x08002eb4   0x08002eb4   0x00000068   Code   RO          354    x$fpl$fgeqf         fz_ws.l(fgeqf.o)
    0x08002f1c   0x08002f1c   0x00000068   Code   RO          356    x$fpl$fleqf         fz_ws.l(fleqf.o)
    0x08002f84   0x08002f84   0x0000008c   Code   RO          358    x$fpl$fnaninf       fz_ws.l(fnaninf.o)
    0x08003010   0x08003010   0x0000000a   Code   RO          360    x$fpl$fretinf       fz_ws.l(fretinf.o)
    0x0800301a   0x0800301a   0x00000004   Code   RO          362    x$fpl$printf1       fz_ws.l(printf1.o)
    0x0800301e   0x0800301e   0x00000004   Code   RO          364    x$fpl$printf2       fz_ws.l(printf2.o)
    0x08003022   0x08003022   0x00000000   Code   RO          370    x$fpl$usenofp       fz_ws.l(usenofp.o)
    0x08003022   0x08003022   0x00000002   PAD
    0x08003024   0x08003024   0x00000008   Data   RO          274    .constdata          c_w.l(_printf_wctomb.o)
    0x0800302c   0x0800302c   0x00000028   Data   RO          303    .constdata          c_w.l(_printf_hex_int_ll_ptr.o)
    0x08003054   0x08003054   0x00000011   Data   RO          323    .constdata          c_w.l(__printf_flags_ss_wp.o)
    0x08003065   0x08003065   0x00000026   Data   RO          395    .constdata          c_w.l(_printf_fp_hex.o)
    0x0800308b   0x0800308b   0x00000001   PAD
    0x0800308c   0x0800308c   0x00000094   Data   RO          420    .constdata          c_w.l(bigflt0.o)
    0x08003120   0x08003120   0x00000010   Data   RO          224    .rodata.AHBPrescTable  system_stm32f10x.o
    0x08003130   0x08003130   0x00000020   Data   RO          604    Region$$Table       anon$$obj.o
    0x08003150   0x08003150   0x0000001c   Data   RO          446    locale$$data        c_w.l(lc_numeric_c.o)
    0x0800316c   0x0800316c   0x00000110   Data   RO          468    locale$$data        c_w.l(lc_ctype_c.o)


    Execution Region RW_IRAM1 (Exec base: 0x20000000, Load base: 0x08003280, Size: 0x000006c0, Max: 0x00005000, ABSOLUTE)

    Exec Addr    Load Addr    Size         Type   Attr      Idx    E Section Name        Object

    0x20000000   0x08003280   0x00000004   Data   RW          223    .data.SystemCoreClock  system_stm32f10x.o
    0x20000004   0x08003284   0x00000004   PAD
    0x20000008        -       0x00000060   Zero   RW          462    .bss                c_w.l(libspace.o)
    0x20000068        -       0x00000001   Zero   RW          151    .bss.DisplayControl  lcd_i2c.o
    0x20000069   0x08003284   0x00000001   PAD
    0x2000006a        -       0x00000002   Zero   RW          196    .bss.I              follow_line.o
    0x2000006c        -       0x00000001   Zero   RW          197    .bss.Pre_error      follow_line.o
    0x2000006d   0x08003284   0x00000003   PAD
    0x20000070        -       0x00000004   Zero   RW           44    .bss.Tick           sysclock.o
    0x20000074        -       0x00000001   Zero   RW           19    .bss.car_state      main.o
    0x20000075   0x08003284   0x00000003   PAD
    0x20000078        -       0x00000014   Zero   RW           17    .bss.hcsr04         main.o
    0x2000008c        -       0x00000008   Zero   RW           18    .bss.lcd            main.o
    0x20000094        -       0x00000010   Zero   RW           22    .bss.left_motor     main.o
    0x200000a4        -       0x00000001   Zero   RW           16    .bss.miss_way       main.o
    0x200000a5   0x08003284   0x00000003   PAD
    0x200000a8        -       0x00000004   Zero   RW           20    .bss.n              main.o
    0x200000ac        -       0x00000010   Zero   RW           21    .bss.right_motor    main.o
    0x200000bc   0x08003284   0x00000004   PAD
    0x200000c0        -       0x00000200   Zero   RW          206    HEAP                startup_stm32f10x_md.o
    0x200002c0        -       0x00000400   Zero   RW          205    STACK               startup_stm32f10x_md.o


==============================================================================

Image component sizes


      Code (inc. data)   RO Data    RW Data    ZI Data      Debug   Object Name

       470          0          0          0          3       2130   follow_line.o
       180          0          0          0          0       2054   gpio_driver.o
       230          0          0          0          0       3047   hcsr04.o
       232          0          0          0          0       2556   i2c_driver.o
       338          0          0          0          1       5016   lcd_i2c.o
       800          8          0          0         66       6775   main.o
       110          0          0          0          0       2594   motor.o
        64         26        236          0       1536        840   startup_stm32f10x_md.o
       258          0          0          0          4       4288   sysclock.o
       394          0         16          4          0       2826   system_stm32f10x.o
       840          8          0          0          0       6083   timer_driver.o

    ----------------------------------------------------------------------
      3966         42        284          4       1628      38209   Object Totals
         0          0         32          0          0          0   (incl. Generated)
        50          0          0          0         18          0   (incl. Padding)

    ----------------------------------------------------------------------

      Code (inc. data)   RO Data    RW Data    ZI Data      Debug   Library Member Name

         8          0          0          0          0         68   __main.o
       392          4         17          0          0         92   __printf_flags_ss_wp.o
        14          0          0          0          0         68   __printf_wp.o
         0          0          0          0          0          0   __rtentry.o
        12          0          0          0          0          0   __rtentry2.o
         6          0          0          0          0          0   __rtentry4.o
        52          8          0          0          0          0   __scatter.o
        26          0          0          0          0          0   __scatter_copy.o
        28          0          0          0          0          0   __scatter_zi.o
        72          0          0          0          0         96   _c16rtomb.o
         6          0          0          0          0          0   _printf_a.o
         6          0          0          0          0          0   _printf_c.o
        44          0          0          0          0        108   _printf_char.o
        48          6          0          0          0         96   _printf_char_common.o
        40          0          0          0          0         68   _printf_charcount.o
         6          0          0          0          0          0   _printf_d.o
       120         16          0          0          0         92   _printf_dec.o
         6          0          0          0          0          0   _printf_e.o
         6          0          0          0          0          0   _printf_f.o
      1052          0          0          0          0        148   _printf_fp_dec.o
       764          8         38          0          0        100   _printf_fp_hex.o
       128         16          0          0          0         84   _printf_fp_infnan.o
         6          0          0          0          0          0   _printf_g.o
       148          4         40          0          0        160   _printf_hex_int_ll_ptr.o
         6          0          0          0          0          0   _printf_i.o
       178          0          0          0          0         88   _printf_intcommon.o
        10          0          0          0          0          0   _printf_l.o
         6          0          0          0          0          0   _printf_lc.o
        10          0          0          0          0          0   _printf_ll.o
         6          0          0          0          0          0   _printf_lld.o
         6          0          0          0          0          0   _printf_lli.o
         6          0          0          0          0          0   _printf_llo.o
         6          0          0          0          0          0   _printf_llu.o
         6          0          0          0          0          0   _printf_llx.o
       124         16          0          0          0         92   _printf_longlong_dec.o
         6          0          0          0          0          0   _printf_ls.o
         6          0          0          0          0          0   _printf_n.o
         6          0          0          0          0          0   _printf_o.o
       112          8          0          0          0        124   _printf_oct_int_ll.o
         6          0          0          0          0          0   _printf_p.o
        78          0          0          0          0        108   _printf_pad.o
         0          0          0          0          0          0   _printf_percent.o
         4          0          0          0          0          0   _printf_percent_end.o
         6          0          0          0          0          0   _printf_s.o
        82          0          0          0          0         80   _printf_str.o
        36          0          0          0          0         84   _printf_truncate.o
         6          0          0          0          0          0   _printf_u.o
        44          0          0          0          0        108   _printf_wchar.o
       188          6          8          0          0         92   _printf_wctomb.o
         6          0          0          0          0          0   _printf_x.o
        10          0          0          0          0         68   _sputc.o
       228          4        148          0          0         96   bigflt0.o
      1936        128          0          0          0        672   btod.o
        18          0          0          0          0         80   exit.o
         6          0          0          0          0        152   heapauxi.o
         0          0          0          0          0          0   indicate_semi.o
        44         10        272          0          0         76   lc_ctype_c.o
        44         10         28          0          0         76   lc_numeric_c.o
         2          0          0          0          0          0   libinit.o
        30          0          0          0          0          0   libinit2.o
         2          0          0          0          0          0   libshutdown.o
         2          0          0          0          0          0   libshutdown2.o
         8          4          0          0         96         68   libspace.o
       138          0          0          0          0         80   lludiv10.o
        16          4          0          0          0         76   rt_ctype_table.o
         8          4          0          0          0         68   rt_locale_intlibspace.o
         2          0          0          0          0          0   rtexit.o
        10          0          0          0          0          0   rtexit2.o
       128          0          0          0          0         68   strcmpv7m.o
        62          0          0          0          0         76   strlen.o
        12          4          0          0          0         68   sys_exit.o
        74          0          0          0          0         80   sys_stackheap_outer.o
         2          0          0          0          0         68   use_no_semi.o
        36          4          0          0          0         76   vsprintf.o
        98          4          0          0          0         92   d2f.o
        38          0          0          0          0         68   dflt_clz.o
       340         12          0          0          0        104   dmul.o
       156          4          0          0          0         92   dnaninf.o
        12          0          0          0          0         68   dretinf.o
        86          4          0          0          0         84   f2d.o
        84          0          0          0          0        196   fcmp.o
        24          0          0          0          0         68   fcmpi.o
       104          4          0          0          0         84   feqf.o
       104          4          0          0          0         84   fgeqf.o
       104          4          0          0          0         84   fleqf.o
       140          4          0          0          0         84   fnaninf.o
        10          0          0          0          0         68   fretinf.o
         4          0          0          0          0         68   printf1.o
         4          0          0          0          0         68   printf2.o
         0          0          0          0          0          0   usenofp.o
        40          0          0          0          0         68   fpclassify.o

    ----------------------------------------------------------------------
      8122        304        552          0         96       5284   Library Totals
        16          0          1          0          0          0   (incl. Padding)

    ----------------------------------------------------------------------

      Code (inc. data)   RO Data    RW Data    ZI Data      Debug   Library Name

      6758        264        551          0         96       3904   c_w.l
      1308         40          0          0          0       1312   fz_ws.l
        40          0          0          0          0         68   m_ws.l

    ----------------------------------------------------------------------
      8122        304        552          0         96       5284   Library Totals

    ----------------------------------------------------------------------

==============================================================================


      Code (inc. data)   RO Data    RW Data    ZI Data      Debug   

     12088        346        836          4       1724      40485   Grand Totals
     12088        346        836          4       1724      40485   ELF Image Totals
     12088        346        836          4          0          0   ROM Totals

==============================================================================

    Total RO  Size (Code + RO Data)                12924 (  12.62kB)
    Total RW  Size (RW Data + ZI Data)              1728 (   1.69kB)
    Total ROM Size (Code + RO Data + RW Data)      12928 (  12.63kB)

==============================================================================

